Archive member included to satisfy reference by file (symbol)

c:/muiinf-seu/st/stm32cubeide_1.11.2/stm32cubeide/plugins/com.st.stm32cube.ide.mcu.externaltools.gnu-tools-for-stm32.10.3-2021.10.win32_1.0.100.202210260954/tools/bin/../lib/gcc/arm-none-eabi/10.3.1/../../../../arm-none-eabi/lib/thumb/v7e-m+fp/hard\libc.a(lib_a-ctype_.o)
                              ./Core/Src/cJSON.o (_ctype_)
c:/muiinf-seu/st/stm32cubeide_1.11.2/stm32cubeide/plugins/com.st.stm32cube.ide.mcu.externaltools.gnu-tools-for-stm32.10.3-2021.10.win32_1.0.100.202210260954/tools/bin/../lib/gcc/arm-none-eabi/10.3.1/../../../../arm-none-eabi/lib/thumb/v7e-m+fp/hard\libc.a(lib_a-errno.o)
                              ./Core/Src/syscalls.o (__errno)
c:/muiinf-seu/st/stm32cubeide_1.11.2/stm32cubeide/plugins/com.st.stm32cube.ide.mcu.externaltools.gnu-tools-for-stm32.10.3-2021.10.win32_1.0.100.202210260954/tools/bin/../lib/gcc/arm-none-eabi/10.3.1/../../../../arm-none-eabi/lib/thumb/v7e-m+fp/hard\libc.a(lib_a-exit.o)
                              c:/muiinf-seu/st/stm32cubeide_1.11.2/stm32cubeide/plugins/com.st.stm32cube.ide.mcu.externaltools.gnu-tools-for-stm32.10.3-2021.10.win32_1.0.100.202210260954/tools/bin/../lib/gcc/arm-none-eabi/10.3.1/../../../../arm-none-eabi/lib/thumb/v7e-m+fp/hard/crt0.o (exit)
c:/muiinf-seu/st/stm32cubeide_1.11.2/stm32cubeide/plugins/com.st.stm32cube.ide.mcu.externaltools.gnu-tools-for-stm32.10.3-2021.10.win32_1.0.100.202210260954/tools/bin/../lib/gcc/arm-none-eabi/10.3.1/../../../../arm-none-eabi/lib/thumb/v7e-m+fp/hard\libc.a(lib_a-fflush.o)
                              ./Core/Src/tareas.o (fflush)
c:/muiinf-seu/st/stm32cubeide_1.11.2/stm32cubeide/plugins/com.st.stm32cube.ide.mcu.externaltools.gnu-tools-for-stm32.10.3-2021.10.win32_1.0.100.202210260954/tools/bin/../lib/gcc/arm-none-eabi/10.3.1/../../../../arm-none-eabi/lib/thumb/v7e-m+fp/hard\libc.a(lib_a-findfp.o)
                              c:/muiinf-seu/st/stm32cubeide_1.11.2/stm32cubeide/plugins/com.st.stm32cube.ide.mcu.externaltools.gnu-tools-for-stm32.10.3-2021.10.win32_1.0.100.202210260954/tools/bin/../lib/gcc/arm-none-eabi/10.3.1/../../../../arm-none-eabi/lib/thumb/v7e-m+fp/hard\libc.a(lib_a-fflush.o) (__sinit)
c:/muiinf-seu/st/stm32cubeide_1.11.2/stm32cubeide/plugins/com.st.stm32cube.ide.mcu.externaltools.gnu-tools-for-stm32.10.3-2021.10.win32_1.0.100.202210260954/tools/bin/../lib/gcc/arm-none-eabi/10.3.1/../../../../arm-none-eabi/lib/thumb/v7e-m+fp/hard\libc.a(lib_a-freer.o)
                              c:/muiinf-seu/st/stm32cubeide_1.11.2/stm32cubeide/plugins/com.st.stm32cube.ide.mcu.externaltools.gnu-tools-for-stm32.10.3-2021.10.win32_1.0.100.202210260954/tools/bin/../lib/gcc/arm-none-eabi/10.3.1/../../../../arm-none-eabi/lib/thumb/v7e-m+fp/hard\libc.a(lib_a-fflush.o) (_free_r)
c:/muiinf-seu/st/stm32cubeide_1.11.2/stm32cubeide/plugins/com.st.stm32cube.ide.mcu.externaltools.gnu-tools-for-stm32.10.3-2021.10.win32_1.0.100.202210260954/tools/bin/../lib/gcc/arm-none-eabi/10.3.1/../../../../arm-none-eabi/lib/thumb/v7e-m+fp/hard\libc.a(lib_a-fwalk.o)
                              c:/muiinf-seu/st/stm32cubeide_1.11.2/stm32cubeide/plugins/com.st.stm32cube.ide.mcu.externaltools.gnu-tools-for-stm32.10.3-2021.10.win32_1.0.100.202210260954/tools/bin/../lib/gcc/arm-none-eabi/10.3.1/../../../../arm-none-eabi/lib/thumb/v7e-m+fp/hard\libc.a(lib_a-findfp.o) (_fwalk)
c:/muiinf-seu/st/stm32cubeide_1.11.2/stm32cubeide/plugins/com.st.stm32cube.ide.mcu.externaltools.gnu-tools-for-stm32.10.3-2021.10.win32_1.0.100.202210260954/tools/bin/../lib/gcc/arm-none-eabi/10.3.1/../../../../arm-none-eabi/lib/thumb/v7e-m+fp/hard\libc.a(lib_a-impure.o)
                              c:/muiinf-seu/st/stm32cubeide_1.11.2/stm32cubeide/plugins/com.st.stm32cube.ide.mcu.externaltools.gnu-tools-for-stm32.10.3-2021.10.win32_1.0.100.202210260954/tools/bin/../lib/gcc/arm-none-eabi/10.3.1/../../../../arm-none-eabi/lib/thumb/v7e-m+fp/hard\libc.a(lib_a-exit.o) (_global_impure_ptr)
c:/muiinf-seu/st/stm32cubeide_1.11.2/stm32cubeide/plugins/com.st.stm32cube.ide.mcu.externaltools.gnu-tools-for-stm32.10.3-2021.10.win32_1.0.100.202210260954/tools/bin/../lib/gcc/arm-none-eabi/10.3.1/../../../../arm-none-eabi/lib/thumb/v7e-m+fp/hard\libc.a(lib_a-init.o)
                              c:/muiinf-seu/st/stm32cubeide_1.11.2/stm32cubeide/plugins/com.st.stm32cube.ide.mcu.externaltools.gnu-tools-for-stm32.10.3-2021.10.win32_1.0.100.202210260954/tools/bin/../lib/gcc/arm-none-eabi/10.3.1/../../../../arm-none-eabi/lib/thumb/v7e-m+fp/hard/crt0.o (__libc_init_array)
c:/muiinf-seu/st/stm32cubeide_1.11.2/stm32cubeide/plugins/com.st.stm32cube.ide.mcu.externaltools.gnu-tools-for-stm32.10.3-2021.10.win32_1.0.100.202210260954/tools/bin/../lib/gcc/arm-none-eabi/10.3.1/../../../../arm-none-eabi/lib/thumb/v7e-m+fp/hard\libc.a(lib_a-lock.o)
[...]
Memory Configuration

Name             Origin             Length             Attributes
RAM              0x0000000020000000 0x0000000000020000 xrw
FLASH            0x0000000008000000 0x0000000000080000 xr
*default*        0x0000000000000000 0xffffffffffffffff

Linker script and memory map

LOAD c:/muiinf-seu/st/stm32cubeide_1.11.2/stm32cubeide/plugins/com.st.stm32cube.ide.mcu.externaltools.gnu-tools-for-stm32.10.3-2021.10.win32_1.0.100.202210260954/tools/bin/../lib/gcc/arm-none-eabi/10.3.1/thumb/v7e-m+fp/hard/crti.o
LOAD c:/muiinf-seu/st/stm32cubeide_1.11.2/stm32cubeide/plugins/com.st.stm32cube.ide.mcu.externaltools.gnu-tools-for-stm32.10.3-2021.10.win32_1.0.100.202210260954/tools/bin/../lib/gcc/arm-none-eabi/10.3.1/thumb/v7e-m+fp/hard/crtbegin.o
LOAD c:/muiinf-seu/st/stm32cubeide_1.11.2/stm32cubeide/plugins/com.st.stm32cube.ide.mcu.externaltools.gnu-tools-for-stm32.10.3-2021.10.win32_1.0.100.202210260954/tools/bin/../lib/gcc/arm-none-eabi/10.3.1/../../../../arm-none-eabi/lib/thumb/v7e-m+fp/hard/crt0.o
LOAD ./Core/Src/cJSON.o
LOAD ./Core/Src/cJSON_Utils.o
LOAD ./Core/Src/freertos.o
LOAD ./Core/Src/main.o
LOAD ./Core/Src/stm32f4xx_hal_msp.o
LOAD ./Core/Src/stm32f4xx_it.o
LOAD ./Core/Src/syscalls.o
LOAD ./Core/Src/sysmem.o
LOAD ./Core/Src/system_stm32f4xx.o
LOAD ./Core/Src/tareas.o
LOAD ./Core/Src/task_COMM.o
LOAD ./Core/Src/task_CONSOLE.o
LOAD ./Core/Src/task_GETREQUEST.o
LOAD ./Core/Src/task_HW.o
LOAD ./Core/Src/task_TIME.o
LOAD ./Core/Src/task_WIFI.o
LOAD ./Core/Src/utility_buff.o
LOAD ./Core/Startup/startup_stm32f411retx.o
LOAD ./Drivers/STM32F4xx_HAL_Driver/Src/stm32f4xx_hal.o
LOAD ./Drivers/STM32F4xx_HAL_Driver/Src/stm32f4xx_hal_adc.o
LOAD ./Drivers/STM32F4xx_HAL_Driver/Src/stm32f4xx_hal_adc_ex.o
LOAD ./Drivers/STM32F4xx_HAL_Driver/Src/stm32f4xx_hal_cortex.o
LOAD ./Drivers/STM32F4xx_HAL_Driver/Src/stm32f4xx_hal_dma.o
LOAD ./Drivers/STM32F4xx_HAL_Driver/Src/stm32f4xx_hal_dma_ex.o
LOAD ./Drivers/STM32F4xx_HAL_Driver/Src/stm32f4xx_hal_exti.o
LOAD ./Drivers/STM32F4xx_HAL_Driver/Src/stm32f4xx_hal_flash.o
LOAD ./Drivers/STM32F4xx_HAL_Driver/Src/stm32f4xx_hal_flash_ex.o
LOAD ./Drivers/STM32F4xx_HAL_Driver/Src/stm32f4xx_hal_flash_ramfunc.o
LOAD ./Drivers/STM32F4xx_HAL_Driver/Src/stm32f4xx_hal_gpio.o
LOAD ./Drivers/STM32F4xx_HAL_Driver/Src/stm32f4xx_hal_pwr.o
LOAD ./Drivers/STM32F4xx_HAL_Driver/Src/stm32f4xx_hal_pwr_ex.o
LOAD ./Drivers/STM32F4xx_HAL_Driver/Src/stm32f4xx_hal_rcc.o
LOAD ./Drivers/STM32F4xx_HAL_Driver/Src/stm32f4xx_hal_rcc_ex.o
LOAD ./Drivers/STM32F4xx_HAL_Driver/Src/stm32f4xx_hal_tim.o
LOAD ./Drivers/STM32F4xx_HAL_Driver/Src/stm32f4xx_hal_tim_ex.o
LOAD ./Drivers/STM32F4xx_HAL_Driver/Src/stm32f4xx_hal_uart.o
LOAD ./Drivers/STM32F4xx_HAL_Driver/Src/stm32f4xx_ll_adc.o
LOAD ./Middlewares/Third_Party/FreeRTOS/Source/CMSIS_RTOS_V2/cmsis_os2.o
LOAD ./Middlewares/Third_Party/FreeRTOS/Source/croutine.o
LOAD ./Middlewares/Third_Party/FreeRTOS/Source/event_groups.o
LOAD ./Middlewares/Third_Party/FreeRTOS/Source/list.o
LOAD ./Middlewares/Third_Party/FreeRTOS/Source/queue.o
LOAD ./Middlewares/Third_Party/FreeRTOS/Source/stream_buffer.o
LOAD ./Middlewares/Third_Party/FreeRTOS/Source/tasks.o
LOAD ./Middlewares/Third_Party/FreeRTOS/Source/timers.o
LOAD ./Middlewares/Third_Party/FreeRTOS/Source/portable/GCC/ARM_CM4F/port.o
LOAD ./Middlewares/Third_Party/FreeRTOS/Source/portable/MemMang/heap_4.o
START GROUP
LOAD c:/muiinf-seu/st/stm32cubeide_1.11.2/stm32cubeide/plugins/com.st.stm32cube.ide.mcu.externaltools.gnu-tools-for-stm32.10.3-2021.10.win32_1.0.100.202210260954/tools/bin/../lib/gcc/arm-none-eabi/10.3.1/../../../../arm-none-eabi/lib/thumb/v7e-m+fp/hard\libc.a
LOAD c:/muiinf-seu/st/stm32cubeide_1.11.2/stm32cubeide/plugins/com.st.stm32cube.ide.mcu.externaltools.gnu-tools-for-stm32.10.3-2021.10.win32_1.0.100.202210260954/tools/bin/../lib/gcc/arm-none-eabi/10.3.1/../../../../arm-none-eabi/lib/thumb/v7e-m+fp/hard\libm.a
END GROUP
START GROUP
LOAD c:/muiinf-seu/st/stm32cubeide_1.11.2/stm32cubeide/plugins/com.st.stm32cube.ide.mcu.externaltools.gnu-tools-for-stm32.10.3-2021.10.win32_1.0.100.202210260954/tools/bin/../lib/gcc/arm-none-eabi/10.3.1/thumb/v7e-m+fp/hard\libgcc.a
LOAD c:/muiinf-seu/st/stm32cubeide_1.11.2/stm32cubeide/plugins/com.st.stm32cube.ide.mcu.externaltools.gnu-tools-for-stm32.10.3-2021.10.win32_1.0.100.202210260954/tools/bin/../lib/gcc/arm-none-eabi/10.3.1/../../../../arm-none-eabi/lib/thumb/v7e-m+fp/hard\libc.a
END GROUP
START GROUP
LOAD c:/muiinf-seu/st/stm32cubeide_1.11.2/stm32cubeide/plugins/com.st.stm32cube.ide.mcu.externaltools.gnu-tools-for-stm32.10.3-2021.10.win32_1.0.100.202210260954/tools/bin/../lib/gcc/arm-none-eabi/10.3.1/thumb/v7e-m+fp/hard\libgcc.a
LOAD c:/muiinf-seu/st/stm32cubeide_1.11.2/stm32cubeide/plugins/com.st.stm32cube.ide.mcu.externaltools.gnu-tools-for-stm32.10.3-2021.10.win32_1.0.100.202210260954/tools/bin/../lib/gcc/arm-none-eabi/10.3.1/../../../../arm-none-eabi/lib/thumb/v7e-m+fp/hard\libc.a
LOAD c:/muiinf-seu/st/stm32cubeide_1.11.2/stm32cubeide/plugins/com.st.stm32cube.ide.mcu.externaltools.gnu-tools-for-stm32.10.3-2021.10.win32_1.0.100.202210260954/tools/bin/../lib/gcc/arm-none-eabi/10.3.1/../../../../arm-none-eabi/lib/thumb/v7e-m+fp/hard\libnosys.a
END GROUP
LOAD c:/muiinf-seu/st/stm32cubeide_1.11.2/stm32cubeide/plugins/com.st.stm32cube.ide.mcu.externaltools.gnu-tools-for-stm32.10.3-2021.10.win32_1.0.100.202210260954/tools/bin/../lib/gcc/arm-none-eabi/10.3.1/thumb/v7e-m+fp/hard/crtend.o
LOAD c:/muiinf-seu/st/stm32cubeide_1.11.2/stm32cubeide/plugins/com.st.stm32cube.ide.mcu.externaltools.gnu-tools-for-stm32.10.3-2021.10.win32_1.0.100.202210260954/tools/bin/../lib/gcc/arm-none-eabi/10.3.1/thumb/v7e-m+fp/hard/crtn.o
                0x0000000020020000                _estack = (ORIGIN (RAM) + LENGTH (RAM))
                0x0000000000000200                _Min_Heap_Size = 0x200
                0x0000000000000400                _Min_Stack_Size = 0x400

.isr_vector     0x0000000008000000      0x198
                0x0000000008000000                . = ALIGN (0x4)
 *(.isr_vector)
 .isr_vector    0x0000000008000000      0x198 ./Core/Startup/startup_stm32f411retx.o
                0x0000000008000000                g_pfnVectors
                0x0000000008000198                . = ALIGN (0x4)

.text           0x00000000080001a0    0x103f4
                0x00000000080001a0                . = ALIGN (0x4)
 *(.text)
 .text          0x00000000080001a0       0x40 c:/muiinf-seu/st/stm32cubeide_1.11.2/stm32cubeide/plugins/com.st.stm32cube.ide.mcu.externaltools.gnu-tools-for-stm32.10.3-2021.10.win32_1.0.100.202210260954/tools/bin/../lib/gcc/arm-none-eabi/10.3.1/thumb/v7e-m+fp/hard/crtbegin.o
 .text          0x00000000080001e0       0x10 c:/muiinf-seu/st/stm32cubeide_1.11.2/stm32cubeide/plugins/com.st.stm32cube.ide.mcu.externaltools.gnu-tools-for-stm32.10.3-2021.10.win32_1.0.100.202210260954/tools/bin/../lib/gcc/arm-none-eabi/10.3.1/../../../../arm-none-eabi/lib/thumb/v7e-m+fp/hard\libc.a(lib_a-strlen.o)
                0x00000000080001e0                strlen
 .text          0x00000000080001f0       0xa0 c:/muiinf-seu/st/stm32cubeide_1.11.2/stm32cubeide/plugins/com.st.stm32cube.ide.mcu.externaltools.gnu-tools-for-stm32.10.3-2021.10.win32_1.0.100.202210260954/tools/bin/../lib/gcc/arm-none-eabi/10.3.1/../../../../arm-none-eabi/lib/thumb/v7e-m+fp/hard\libc.a(lib_a-memchr.o)
                0x00000000080001f0                memchr
 .text          0x0000000008000290      0x378 c:/muiinf-seu/st/stm32cubeide_1.11.2/stm32cubeide/plugins/com.st.stm32cube.ide.mcu.externaltools.gnu-tools-for-stm32.10.3-2021.10.win32_1.0.100.202210260954/tools/bin/../lib/gcc/arm-none-eabi/10.3.1/thumb/v7e-m+fp/hard\libgcc.a(_arm_addsubdf3.o)
                0x0000000008000290                __aeabi_drsub
                0x0000000008000298                __aeabi_dsub
                0x0000000008000298                __subdf3
                0x000000000800029c                __aeabi_dadd
                0x000000000800029c                __adddf3
                0x0000000008000514                __floatunsidf
                0x0000000008000514                __aeabi_ui2d
                0x0000000008000534                __floatsidf
                0x0000000008000534                __aeabi_i2d
                0x0000000008000558                __aeabi_f2d
                0x0000000008000558                __extendsfdf2
                0x000000000800059c                __floatundidf
                0x000000000800059c                __aeabi_ul2d
                0x00000000080005ac                __floatdidf
                0x00000000080005ac                __aeabi_l2d
 .text          0x0000000008000608      0x424 c:/muiinf-seu/st/stm32cubeide_1.11.2/stm32cubeide/plugins/com.st.stm32cube.ide.mcu.externaltools.gnu-tools-for-stm32.10.3-2021.10.win32_1.0.100.202210260954/tools/bin/../lib/gcc/arm-none-eabi/10.3.1/thumb/v7e-m+fp/hard\libgcc.a(_arm_muldivdf3.o)
                0x0000000008000608                __aeabi_dmul
                0x0000000008000608                __muldf3
                0x000000000800085c                __divdf3
                0x000000000800085c                __aeabi_ddiv
 .text          0x0000000008000a2c      0x110 c:/muiinf-seu/st/stm32cubeide_1.11.2/stm32cubeide/plugins/com.st.stm32cube.ide.mcu.externaltools.gnu-tools-for-stm32.10.3-2021.10.win32_1.0.100.202210260954/tools/bin/../lib/gcc/arm-none-eabi/10.3.1/thumb/v7e-m+fp/hard\libgcc.a(_arm_cmpdf2.o)
                0x0000000008000a2c                __gtdf2
                0x0000000008000a2c                __gedf2
                0x0000000008000a34                __ltdf2
                0x0000000008000a34                __ledf2
                0x0000000008000a3c                __nedf2
                0x0000000008000a3c                __eqdf2
                0x0000000008000a3c                __cmpdf2
                0x0000000008000ab8                __aeabi_cdrcmple
                0x0000000008000ac8                __aeabi_cdcmpeq
                0x0000000008000ac8                __aeabi_cdcmple
                0x0000000008000ad8                __aeabi_dcmpeq
                0x0000000008000aec                __aeabi_dcmplt
                0x0000000008000b00                __aeabi_dcmple
                0x0000000008000b14                __aeabi_dcmpge
                0x0000000008000b28                __aeabi_dcmpgt
 .text          0x0000000008000b3c       0x2c c:/muiinf-seu/st/stm32cubeide_1.11.2/stm32cubeide/plugins/com.st.stm32cube.ide.mcu.externaltools.gnu-tools-for-stm32.10.3-2021.10.win32_1.0.100.202210260954/tools/bin/../lib/gcc/arm-none-eabi/10.3.1/thumb/v7e-m+fp/hard\libgcc.a(_arm_unorddf2.o)
                0x0000000008000b3c                __unorddf2
                0x0000000008000b3c                __aeabi_dcmpun
 .text          0x0000000008000b68       0x50 c:/muiinf-seu/st/stm32cubeide_1.11.2/stm32cubeide/plugins/com.st.stm32cube.ide.mcu.externaltools.gnu-tools-for-stm32.10.3-2021.10.win32_1.0.100.202210260954/tools/bin/../lib/gcc/arm-none-eabi/10.3.1/thumb/v7e-m+fp/hard\libgcc.a(_arm_fixdfsi.o)
                0x0000000008000b68                __aeabi_d2iz
                0x0000000008000b68                __fixdfsi
 .text          0x0000000008000bb8       0x40 c:/muiinf-seu/st/stm32cubeide_1.11.2/stm32cubeide/plugins/com.st.stm32cube.ide.mcu.externaltools.gnu-tools-for-stm32.10.3-2021.10.win32_1.0.100.202210260954/tools/bin/../lib/gcc/arm-none-eabi/10.3.1/thumb/v7e-m+fp/hard\libgcc.a(_arm_fixunsdfsi.o)
                0x0000000008000bb8                __aeabi_d2uiz
                0x0000000008000bb8                __fixunsdfsi
 .text          0x0000000008000bf8       0xa0 c:/muiinf-seu/st/stm32cubeide_1.11.2/stm32cubeide/plugins/com.st.stm32cube.ide.mcu.externaltools.gnu-tools-for-stm32.10.3-2021.10.win32_1.0.100.202210260954/tools/bin/../lib/gcc/arm-none-eabi/10.3.1/thumb/v7e-m+fp/hard\libgcc.a(_arm_truncdfsf2.o)
                0x0000000008000bf8                __truncdfsf2
                0x0000000008000bf8                __aeabi_d2f
 .text          0x0000000008000c98       0x30 c:/muiinf-seu/st/stm32cubeide_1.11.2/stm32cubeide/plugins/com.st.stm32cube.ide.mcu.externaltools.gnu-tools-for-stm32.10.3-2021.10.win32_1.0.100.202210260954/tools/bin/../lib/gcc/arm-none-eabi/10.3.1/thumb/v7e-m+fp/hard\libgcc.a(_aeabi_uldivmod.o)
                0x0000000008000c98                __aeabi_uldivmod
 .text          0x0000000008000cc8       0x30 c:/muiinf-seu/st/stm32cubeide_1.11.2/stm32cubeide/plugins/com.st.stm32cube.ide.mcu.externaltools.gnu-tools-for-stm32.10.3-2021.10.win32_1.0.100.202210260954/tools/bin/../lib/gcc/arm-none-eabi/10.3.1/thumb/v7e-m+fp/hard\libgcc.a(_fixdfdi.o)
                0x0000000008000cc8                __fixdfdi
                0x0000000008000cc8                __aeabi_d2lz
 .text          0x0000000008000cf8       0x3c c:/muiinf-seu/st/stm32cubeide_1.11.2/stm32cubeide/plugins/com.st.stm32cube.ide.mcu.externaltools.gnu-tools-for-stm32.10.3-2021.10.win32_1.0.100.202210260954/tools/bin/../lib/gcc/arm-none-eabi/10.3.1/thumb/v7e-m+fp/hard\libgcc.a(_fixunsdfdi.o)
                0x0000000008000cf8                __fixunsdfdi
                0x0000000008000cf8                __aeabi_d2ulz
 .text          0x0000000008000d34      0x2d0 c:/muiinf-seu/st/stm32cubeide_1.11.2/stm32cubeide/plugins/com.st.stm32cube.ide.mcu.externaltools.gnu-tools-for-stm32.10.3-2021.10.win32_1.0.100.202210260954/tools/bin/../lib/gcc/arm-none-eabi/10.3.1/thumb/v7e-m+fp/hard\libgcc.a(_udivmoddi4.o)
                0x0000000008000d34                __udivmoddi4
 .text          0x0000000008001004        0x4 c:/muiinf-seu/st/stm32cubeide_1.11.2/stm32cubeide/plugins/com.st.stm32cube.ide.mcu.externaltools.gnu-tools-for-stm32.10.3-2021.10.win32_1.0.100.202210260954/tools/bin/../lib/gcc/arm-none-eabi/10.3.1/thumb/v7e-m+fp/hard\libgcc.a(_dvmd_tls.o)
                0x0000000008001004                __aeabi_idiv0
                0x0000000008001004                __aeabi_ldiv0
 *(.text*)
 .text.cJSON_New_Item
                0x0000000008001008       0x2c ./Core/Src/cJSON.o
 .text.cJSON_Delete
                0x0000000008001034       0x94 ./Core/Src/cJSON.o
                0x0000000008001034                cJSON_Delete
 .text.get_decimal_point
                0x00000000080010c8       0x10 ./Core/Src/cJSON.o
 .text.parse_number
                0x00000000080010d8      0x1dc ./Core/Src/cJSON.o
 .text.parse_hex4
                0x00000000080012b4       0xc4 ./Core/Src/cJSON.o
 .text.utf16_literal_to_utf8
                0x0000000008001378      0x1d0 ./Core/Src/cJSON.o
 .text.parse_string
                0x0000000008001548      0x28c ./Core/Src/cJSON.o
 .text.buffer_skip_whitespace
                0x00000000080017d4       0x80 ./Core/Src/cJSON.o
 .text.skip_utf8_bom
                0x0000000008001854       0x68 ./Core/Src/cJSON.o
 .text.cJSON_ParseWithOpts
                0x00000000080018bc       0x38 ./Core/Src/cJSON.o
                0x00000000080018bc                cJSON_ParseWithOpts
 .text.cJSON_ParseWithLengthOpts
                0x00000000080018f4      0x134 ./Core/Src/cJSON.o
                0x00000000080018f4                cJSON_ParseWithLengthOpts
 .text.cJSON_Parse
                0x0000000008001a28       0x1c ./Core/Src/cJSON.o
                0x0000000008001a28                cJSON_Parse
 .text.parse_value
                0x0000000008001a44      0x1d8 ./Core/Src/cJSON.o
 .text.parse_array
                0x0000000008001c1c      0x188 ./Core/Src/cJSON.o
 .text.parse_object
                0x0000000008001da4      0x1fe ./Core/Src/cJSON.o
 *fill*         0x0000000008001fa2        0x2 
 .text.main     0x0000000008001fa4       0x4c ./Core/Src/main.o
                0x0000000008001fa4                main
 .text.SystemClock_Config
                0x0000000008001ff0       0xd4 ./Core/Src/main.o
                0x0000000008001ff0                SystemClock_Config
 .text.MX_ADC1_Init
                0x00000000080020c4       0xa4 ./Core/Src/main.o
 .text.MX_USART1_UART_Init
                0x0000000008002168       0x54 ./Core/Src/main.o
 .text.MX_USART2_UART_Init
                0x00000000080021bc       0x54 ./Core/Src/main.o
 .text.MX_DMA_Init
                0x0000000008002210       0x7c ./Core/Src/main.o
 .text.MX_GPIO_Init
                0x000000000800228c      0x18c ./Core/Src/main.o
 .text.StartDefaultTask
                0x0000000008002418       0x10 ./Core/Src/main.o
                0x0000000008002418                StartDefaultTask
 .text.Error_Handler
                0x0000000008002428        0xa ./Core/Src/main.o
                0x0000000008002428                Error_Handler
 *fill*         0x0000000008002432        0x2 
 .text.HAL_MspInit
                0x0000000008002434       0x58 ./Core/Src/stm32f4xx_hal_msp.o
                0x0000000008002434                HAL_MspInit
 .text.HAL_ADC_MspInit
                0x000000000800248c       0x88 ./Core/Src/stm32f4xx_hal_msp.o
                0x000000000800248c                HAL_ADC_MspInit
 .text.HAL_UART_MspInit
                0x0000000008002514      0x228 ./Core/Src/stm32f4xx_hal_msp.o
                0x0000000008002514                HAL_UART_MspInit
 .text.NMI_Handler
                0x000000000800273c        0x6 ./Core/Src/stm32f4xx_it.o
                0x000000000800273c                NMI_Handler
 .text.HardFault_Handler
                0x0000000008002742        0x6 ./Core/Src/stm32f4xx_it.o
                0x0000000008002742                HardFault_Handler
 .text.MemManage_Handler
                0x0000000008002748        0x6 ./Core/Src/stm32f4xx_it.o
                0x0000000008002748                MemManage_Handler
 .text.BusFault_Handler
                0x000000000800274e        0x6 ./Core/Src/stm32f4xx_it.o
                0x000000000800274e                BusFault_Handler
 .text.UsageFault_Handler
                0x0000000008002754        0x6 ./Core/Src/stm32f4xx_it.o
                0x0000000008002754                UsageFault_Handler
 .text.DebugMon_Handler
                0x000000000800275a        0xe ./Core/Src/stm32f4xx_it.o
                0x000000000800275a                DebugMon_Handler
 .text.SysTick_Handler
                0x0000000008002768       0x1a ./Core/Src/stm32f4xx_it.o
                0x0000000008002768                SysTick_Handler
 *fill*         0x0000000008002782        0x2 
 .text.DMA1_Stream5_IRQHandler
                0x0000000008002784       0x14 ./Core/Src/stm32f4xx_it.o
                0x0000000008002784                DMA1_Stream5_IRQHandler
 .text.DMA2_Stream2_IRQHandler
                0x0000000008002798       0x14 ./Core/Src/stm32f4xx_it.o
                0x0000000008002798                DMA2_Stream2_IRQHandler
 .text.DMA2_Stream7_IRQHandler
                0x00000000080027ac       0x14 ./Core/Src/stm32f4xx_it.o
                0x00000000080027ac                DMA2_Stream7_IRQHandler
 .text._getpid  0x00000000080027c0       0x10 ./Core/Src/syscalls.o
                0x00000000080027c0                _getpid
 .text._kill    0x00000000080027d0       0x20 ./Core/Src/syscalls.o
                0x00000000080027d0                _kill
 .text._exit    0x00000000080027f0       0x14 ./Core/Src/syscalls.o
                0x00000000080027f0                _exit
 .text._read    0x0000000008002804       0x3a ./Core/Src/syscalls.o
                0x0000000008002804                _read
 .text._write   0x000000000800283e       0x38 ./Core/Src/syscalls.o
                0x000000000800283e                _write
 .text._close   0x0000000008002876       0x18 ./Core/Src/syscalls.o
                0x0000000008002876                _close
 .text._fstat   0x000000000800288e       0x20 ./Core/Src/syscalls.o
                0x000000000800288e                _fstat
 .text._isatty  0x00000000080028ae       0x16 ./Core/Src/syscalls.o
                0x00000000080028ae                _isatty
 .text._lseek   0x00000000080028c4       0x1a ./Core/Src/syscalls.o
                0x00000000080028c4                _lseek
 *fill*         0x00000000080028de        0x2 
 .text._sbrk    0x00000000080028e0       0x6c ./Core/Src/sysmem.o
                0x00000000080028e0                _sbrk
 .text.SystemInit
                0x000000000800294c       0x24 ./Core/Src/system_stm32f4xx.o
                0x000000000800294c                SystemInit
 .text.CONFIGURACION_INICIAL
                0x0000000008002970       0xa0 ./Core/Src/tareas.o
                0x0000000008002970                CONFIGURACION_INICIAL
 .text.Task_COMM_init
                0x0000000008002a10       0x7c ./Core/Src/task_COMM.o
                0x0000000008002a10                Task_COMM_init
 .text.Task_COMM
                0x0000000008002a8c       0xec ./Core/Src/task_COMM.o
                0x0000000008002a8c                Task_COMM
 .text.cleanResponse
                0x0000000008002b78       0xe0 ./Core/Src/task_COMM.o
                0x0000000008002b78                cleanResponse
 .text.Task_CONSOLE
                0x0000000008002c58       0x50 ./Core/Src/task_CONSOLE.o
                0x0000000008002c58                Task_CONSOLE
 .text.bprintf  0x0000000008002ca8       0x48 ./Core/Src/task_CONSOLE.o
                0x0000000008002ca8                bprintf
 .text.Task_GETREQUEST_init
                0x0000000008002cf0       0x48 ./Core/Src/task_GETREQUEST.o
                0x0000000008002cf0                Task_GETREQUEST_init
 .text.Task_GETREQUEST
                0x0000000008002d38      0x350 ./Core/Src/task_GETREQUEST.o
                0x0000000008002d38                Task_GETREQUEST
 .text.Task_HW  0x0000000008003088      0x6e0 ./Core/Src/task_HW.o
                0x0000000008003088                Task_HW
 .text.pon_Nivel
                0x0000000008003768      0x1fc ./Core/Src/task_HW.o
                0x0000000008003768                pon_Nivel
 .text.Task_WIFI_init
                0x0000000008003964       0x50 ./Core/Src/task_WIFI.o
                0x0000000008003964                Task_WIFI_init
 .text.Task_WIFI
                0x00000000080039b4       0x34 ./Core/Src/task_WIFI.o
                0x00000000080039b4                Task_WIFI
 .text.WIFI_RESET
                0x00000000080039e8      0x10c ./Core/Src/task_WIFI.o
                0x00000000080039e8                WIFI_RESET
 .text.WIFI_Boot
                0x0000000008003af4      0x164 ./Core/Src/task_WIFI.o
                0x0000000008003af4                WIFI_Boot
 .text.ESP_Send_Request
                0x0000000008003c58      0x17c ./Core/Src/task_WIFI.o
                0x0000000008003c58                ESP_Send_Request
 .text.BUFF_is_empty
                0x0000000008003dd4       0x22 ./Core/Src/utility_buff.o
                0x0000000008003dd4                BUFF_is_empty
 .text.BUFF_is_full
                0x0000000008003df6       0x26 ./Core/Src/utility_buff.o
                0x0000000008003df6                BUFF_is_full
 .text.BUFF_inserta
                0x0000000008003e1c       0x58 ./Core/Src/utility_buff.o
                0x0000000008003e1c                BUFF_inserta
 .text.BUFF_extrae
                0x0000000008003e74       0x58 ./Core/Src/utility_buff.o
                0x0000000008003e74                BUFF_extrae
 .text.BUFF_extrae_prot
                0x0000000008003ecc       0x7c ./Core/Src/utility_buff.o
                0x0000000008003ecc                BUFF_extrae_prot
 .text.BUFF_inserta_prot
                0x0000000008003f48       0x80 ./Core/Src/utility_buff.o
                0x0000000008003f48                BUFF_inserta_prot
 .text.BUFF_inserta_cad
                0x0000000008003fc8       0x46 ./Core/Src/utility_buff.o
                0x0000000008003fc8                BUFF_inserta_cad
 *fill*         0x000000000800400e        0x2 
 .text.bufferCreat
                0x0000000008004010       0xb4 ./Core/Src/utility_buff.o
                0x0000000008004010                bufferCreat
 .text.Reset_Handler
                0x00000000080040c4       0x50 ./Core/Startup/startup_stm32f411retx.o
                0x00000000080040c4                Reset_Handler
 .text.Default_Handler
                0x0000000008004114        0x2 ./Core/Startup/startup_stm32f411retx.o
                0x0000000008004114                RTC_Alarm_IRQHandler
                0x0000000008004114                EXTI2_IRQHandler
                0x0000000008004114                SPI4_IRQHandler
                0x0000000008004114                TIM1_CC_IRQHandler
                0x0000000008004114                DMA2_Stream5_IRQHandler
                0x0000000008004114                PVD_IRQHandler
                0x0000000008004114                SDIO_IRQHandler
                0x0000000008004114                TAMP_STAMP_IRQHandler
                0x0000000008004114                EXTI3_IRQHandler
                0x0000000008004114                TIM1_UP_TIM10_IRQHandler
                0x0000000008004114                I2C3_ER_IRQHandler
                0x0000000008004114                EXTI0_IRQHandler
                0x0000000008004114                I2C2_EV_IRQHandler
                0x0000000008004114                DMA1_Stream2_IRQHandler
                0x0000000008004114                FPU_IRQHandler
                0x0000000008004114                SPI1_IRQHandler
                0x0000000008004114                TIM1_BRK_TIM9_IRQHandler
                0x0000000008004114                DMA2_Stream3_IRQHandler
                0x0000000008004114                USART6_IRQHandler
                0x0000000008004114                DMA2_Stream0_IRQHandler
                0x0000000008004114                TIM4_IRQHandler
                0x0000000008004114                I2C1_EV_IRQHandler
                0x0000000008004114                DMA1_Stream6_IRQHandler
                0x0000000008004114                DMA1_Stream1_IRQHandler
                0x0000000008004114                TIM3_IRQHandler
                0x0000000008004114                RCC_IRQHandler
                0x0000000008004114                Default_Handler
                0x0000000008004114                EXTI15_10_IRQHandler
                0x0000000008004114                ADC_IRQHandler
                0x0000000008004114                DMA1_Stream7_IRQHandler
                0x0000000008004114                SPI5_IRQHandler
                0x0000000008004114                TIM5_IRQHandler
                0x0000000008004114                I2C3_EV_IRQHandler
                0x0000000008004114                EXTI9_5_IRQHandler
                0x0000000008004114                RTC_WKUP_IRQHandler
                0x0000000008004114                SPI2_IRQHandler
                0x0000000008004114                DMA1_Stream0_IRQHandler
                0x0000000008004114                EXTI4_IRQHandler
                0x0000000008004114                WWDG_IRQHandler
                0x0000000008004114                TIM2_IRQHandler
                0x0000000008004114                OTG_FS_WKUP_IRQHandler
                0x0000000008004114                TIM1_TRG_COM_TIM11_IRQHandler
                0x0000000008004114                EXTI1_IRQHandler
                0x0000000008004114                USART2_IRQHandler
                0x0000000008004114                I2C2_ER_IRQHandler
                0x0000000008004114                DMA2_Stream1_IRQHandler
                0x0000000008004114                FLASH_IRQHandler
                0x0000000008004114                DMA2_Stream4_IRQHandler
                0x0000000008004114                USART1_IRQHandler
                0x0000000008004114                OTG_FS_IRQHandler
                0x0000000008004114                SPI3_IRQHandler
                0x0000000008004114                DMA1_Stream4_IRQHandler
                0x0000000008004114                I2C1_ER_IRQHandler
                0x0000000008004114                DMA2_Stream6_IRQHandler
                0x0000000008004114                DMA1_Stream3_IRQHandler
 *fill*         0x0000000008004116        0x2 
 .text.HAL_Init
                0x0000000008004118       0x44 ./Drivers/STM32F4xx_HAL_Driver/Src/stm32f4xx_hal.o
                0x0000000008004118                HAL_Init
 .text.HAL_InitTick
                0x000000000800415c       0x60 ./Drivers/STM32F4xx_HAL_Driver/Src/stm32f4xx_hal.o
                0x000000000800415c                HAL_InitTick
 .text.HAL_IncTick
                0x00000000080041bc       0x28 ./Drivers/STM32F4xx_HAL_Driver/Src/stm32f4xx_hal.o
                0x00000000080041bc                HAL_IncTick
 .text.HAL_GetTick
                0x00000000080041e4       0x18 ./Drivers/STM32F4xx_HAL_Driver/Src/stm32f4xx_hal.o
                0x00000000080041e4                HAL_GetTick
 .text.HAL_ADC_Init
                0x00000000080041fc       0x86 ./Drivers/STM32F4xx_HAL_Driver/Src/stm32f4xx_hal_adc.o
                0x00000000080041fc                HAL_ADC_Init
 *fill*         0x0000000008004282        0x2 
 .text.HAL_ADC_Start
                0x0000000008004284      0x168 ./Drivers/STM32F4xx_HAL_Driver/Src/stm32f4xx_hal_adc.o
                0x0000000008004284                HAL_ADC_Start
 .text.HAL_ADC_PollForConversion
                0x00000000080043ec      0x116 ./Drivers/STM32F4xx_HAL_Driver/Src/stm32f4xx_hal_adc.o
                0x00000000080043ec                HAL_ADC_PollForConversion
 .text.HAL_ADC_GetValue
                0x0000000008004502       0x1a ./Drivers/STM32F4xx_HAL_Driver/Src/stm32f4xx_hal_adc.o
                0x0000000008004502                HAL_ADC_GetValue
 .text.HAL_ADC_ConfigChannel
                0x000000000800451c      0x264 ./Drivers/STM32F4xx_HAL_Driver/Src/stm32f4xx_hal_adc.o
                0x000000000800451c                HAL_ADC_ConfigChannel
 .text.ADC_Init
                0x0000000008004780      0x1f8 ./Drivers/STM32F4xx_HAL_Driver/Src/stm32f4xx_hal_adc.o
 .text.__NVIC_SetPriorityGrouping
                0x0000000008004978       0x48 ./Drivers/STM32F4xx_HAL_Driver/Src/stm32f4xx_hal_cortex.o
 .text.__NVIC_GetPriorityGrouping
                0x00000000080049c0       0x1c ./Drivers/STM32F4xx_HAL_Driver/Src/stm32f4xx_hal_cortex.o
 .text.__NVIC_EnableIRQ
                0x00000000080049dc       0x3c ./Drivers/STM32F4xx_HAL_Driver/Src/stm32f4xx_hal_cortex.o
 .text.__NVIC_SetPriority
                0x0000000008004a18       0x54 ./Drivers/STM32F4xx_HAL_Driver/Src/stm32f4xx_hal_cortex.o
 .text.NVIC_EncodePriority
                0x0000000008004a6c       0x66 ./Drivers/STM32F4xx_HAL_Driver/Src/stm32f4xx_hal_cortex.o
 *fill*         0x0000000008004ad2        0x2 
 .text.__NVIC_SystemReset
                0x0000000008004ad4       0x2c ./Drivers/STM32F4xx_HAL_Driver/Src/stm32f4xx_hal_cortex.o
 .text.SysTick_Config
                0x0000000008004b00       0x44 ./Drivers/STM32F4xx_HAL_Driver/Src/stm32f4xx_hal_cortex.o
 .text.HAL_NVIC_SetPriorityGrouping
                0x0000000008004b44       0x16 ./Drivers/STM32F4xx_HAL_Driver/Src/stm32f4xx_hal_cortex.o
                0x0000000008004b44                HAL_NVIC_SetPriorityGrouping
 .text.HAL_NVIC_SetPriority
                0x0000000008004b5a       0x38 ./Drivers/STM32F4xx_HAL_Driver/Src/stm32f4xx_hal_cortex.o
                0x0000000008004b5a                HAL_NVIC_SetPriority
 .text.HAL_NVIC_EnableIRQ
                0x0000000008004b92       0x1c ./Drivers/STM32F4xx_HAL_Driver/Src/stm32f4xx_hal_cortex.o
                0x0000000008004b92                HAL_NVIC_EnableIRQ
 .text.HAL_NVIC_SystemReset
                0x0000000008004bae        0x8 ./Drivers/STM32F4xx_HAL_Driver/Src/stm32f4xx_hal_cortex.o
                0x0000000008004bae                HAL_NVIC_SystemReset
 .text.HAL_SYSTICK_Config
                0x0000000008004bb6       0x18 ./Drivers/STM32F4xx_HAL_Driver/Src/stm32f4xx_hal_cortex.o
                0x0000000008004bb6                HAL_SYSTICK_Config
 *fill*         0x0000000008004bce        0x2 
 .text.HAL_DMA_Init
                0x0000000008004bd0      0x15c ./Drivers/STM32F4xx_HAL_Driver/Src/stm32f4xx_hal_dma.o
                0x0000000008004bd0                HAL_DMA_Init
 .text.HAL_DMA_Start_IT
                0x0000000008004d2c       0xb0 ./Drivers/STM32F4xx_HAL_Driver/Src/stm32f4xx_hal_dma.o
                0x0000000008004d2c                HAL_DMA_Start_IT
 .text.HAL_DMA_Abort
                0x0000000008004ddc       0xe0 ./Drivers/STM32F4xx_HAL_Driver/Src/stm32f4xx_hal_dma.o
                0x0000000008004ddc                HAL_DMA_Abort
 .text.HAL_DMA_IRQHandler
                0x0000000008004ebc      0x314 ./Drivers/STM32F4xx_HAL_Driver/Src/stm32f4xx_hal_dma.o
                0x0000000008004ebc                HAL_DMA_IRQHandler
 .text.DMA_SetConfig
                0x00000000080051d0       0x5c ./Drivers/STM32F4xx_HAL_Driver/Src/stm32f4xx_hal_dma.o
 .text.DMA_CalcBaseAndBitshift
                0x000000000800522c       0x6c ./Drivers/STM32F4xx_HAL_Driver/Src/stm32f4xx_hal_dma.o
 .text.DMA_CheckFifoParam
                0x0000000008005298       0xf8 ./Drivers/STM32F4xx_HAL_Driver/Src/stm32f4xx_hal_dma.o
 .text.HAL_GPIO_Init
                0x0000000008005390      0x308 ./Drivers/STM32F4xx_HAL_Driver/Src/stm32f4xx_hal_gpio.o
                0x0000000008005390                HAL_GPIO_Init
 .text.HAL_GPIO_ReadPin
                0x0000000008005698       0x30 ./Drivers/STM32F4xx_HAL_Driver/Src/stm32f4xx_hal_gpio.o
                0x0000000008005698                HAL_GPIO_ReadPin
 .text.HAL_GPIO_WritePin
                0x00000000080056c8       0x32 ./Drivers/STM32F4xx_HAL_Driver/Src/stm32f4xx_hal_gpio.o
                0x00000000080056c8                HAL_GPIO_WritePin
 *fill*         0x00000000080056fa        0x2 
 .text.HAL_RCC_OscConfig
                0x00000000080056fc      0x4f0 ./Drivers/STM32F4xx_HAL_Driver/Src/stm32f4xx_hal_rcc.o
                0x00000000080056fc                HAL_RCC_OscConfig
 .text.HAL_RCC_ClockConfig
                0x0000000008005bec      0x1cc ./Drivers/STM32F4xx_HAL_Driver/Src/stm32f4xx_hal_rcc.o
                0x0000000008005bec                HAL_RCC_ClockConfig
 .text.HAL_RCC_GetSysClockFreq
                0x0000000008005db8      0x20c ./Drivers/STM32F4xx_HAL_Driver/Src/stm32f4xx_hal_rcc.o
                0x0000000008005db8                HAL_RCC_GetSysClockFreq
 .text.HAL_RCC_GetHCLKFreq
                0x0000000008005fc4       0x18 ./Drivers/STM32F4xx_HAL_Driver/Src/stm32f4xx_hal_rcc.o
                0x0000000008005fc4                HAL_RCC_GetHCLKFreq
 .text.HAL_RCC_GetPCLK1Freq
                0x0000000008005fdc       0x28 ./Drivers/STM32F4xx_HAL_Driver/Src/stm32f4xx_hal_rcc.o
                0x0000000008005fdc                HAL_RCC_GetPCLK1Freq
 .text.HAL_RCC_GetPCLK2Freq
                0x0000000008006004       0x28 ./Drivers/STM32F4xx_HAL_Driver/Src/stm32f4xx_hal_rcc.o
                0x0000000008006004                HAL_RCC_GetPCLK2Freq
 .text.HAL_UART_Init
                0x000000000800602c       0x9a ./Drivers/STM32F4xx_HAL_Driver/Src/stm32f4xx_hal_uart.o
                0x000000000800602c                HAL_UART_Init
 .text.HAL_UART_Transmit
                0x00000000080060c6      0x124 ./Drivers/STM32F4xx_HAL_Driver/Src/stm32f4xx_hal_uart.o
                0x00000000080060c6                HAL_UART_Transmit
 .text.HAL_UART_Receive_DMA
                0x00000000080061ea       0x60 ./Drivers/STM32F4xx_HAL_Driver/Src/stm32f4xx_hal_uart.o
                0x00000000080061ea                HAL_UART_Receive_DMA
 .text.HAL_UART_DMAStop
                0x000000000800624a       0xfe ./Drivers/STM32F4xx_HAL_Driver/Src/stm32f4xx_hal_uart.o
                0x000000000800624a                HAL_UART_DMAStop
 .text.HAL_UART_RxCpltCallback
                0x0000000008006348       0x14 ./Drivers/STM32F4xx_HAL_Driver/Src/stm32f4xx_hal_uart.o
                0x0000000008006348                HAL_UART_RxCpltCallback
 .text.HAL_UART_RxHalfCpltCallback
                0x000000000800635c       0x14 ./Drivers/STM32F4xx_HAL_Driver/Src/stm32f4xx_hal_uart.o
                0x000000000800635c                HAL_UART_RxHalfCpltCallback
 .text.HAL_UART_ErrorCallback
                0x0000000008006370       0x14 ./Drivers/STM32F4xx_HAL_Driver/Src/stm32f4xx_hal_uart.o
                0x0000000008006370                HAL_UART_ErrorCallback
 .text.HAL_UARTEx_RxEventCallback
                0x0000000008006384       0x18 ./Drivers/STM32F4xx_HAL_Driver/Src/stm32f4xx_hal_uart.o
                0x0000000008006384                HAL_UARTEx_RxEventCallback
 .text.UART_DMAReceiveCplt
                0x000000000800639c      0x126 ./Drivers/STM32F4xx_HAL_Driver/Src/stm32f4xx_hal_uart.o
 .text.UART_DMARxHalfCplt
                0x00000000080064c2       0x36 ./Drivers/STM32F4xx_HAL_Driver/Src/stm32f4xx_hal_uart.o
 .text.UART_DMAError
                0x00000000080064f8       0x94 ./Drivers/STM32F4xx_HAL_Driver/Src/stm32f4xx_hal_uart.o
 .text.UART_WaitOnFlagUntilTimeout
                0x000000000800658c       0xdc ./Drivers/STM32F4xx_HAL_Driver/Src/stm32f4xx_hal_uart.o
 .text.UART_Start_Receive_DMA
                0x0000000008006668      0x13c ./Drivers/STM32F4xx_HAL_Driver/Src/stm32f4xx_hal_uart.o
                0x0000000008006668                UART_Start_Receive_DMA
 .text.UART_EndTxTransfer
                0x00000000080067a4       0x50 ./Drivers/STM32F4xx_HAL_Driver/Src/stm32f4xx_hal_uart.o
 .text.UART_EndRxTransfer
                0x00000000080067f4       0xc6 ./Drivers/STM32F4xx_HAL_Driver/Src/stm32f4xx_hal_uart.o
 *fill*         0x00000000080068ba        0x2 
 .text.UART_SetConfig
                0x00000000080068bc      0x4e8 ./Drivers/STM32F4xx_HAL_Driver/Src/stm32f4xx_hal_uart.o
 .text.__NVIC_SetPriority
                0x0000000008006da4       0x54 ./Middlewares/Third_Party/FreeRTOS/Source/CMSIS_RTOS_V2/cmsis_os2.o
 .text.SVC_Setup
                0x0000000008006df8       0x12 ./Middlewares/Third_Party/FreeRTOS/Source/CMSIS_RTOS_V2/cmsis_os2.o
 *fill*         0x0000000008006e0a        0x2 
 .text.osKernelInitialize
                0x0000000008006e0c       0x48 ./Middlewares/Third_Party/FreeRTOS/Source/CMSIS_RTOS_V2/cmsis_os2.o
                0x0000000008006e0c                osKernelInitialize
 .text.osKernelStart
                0x0000000008006e54       0x4c ./Middlewares/Third_Party/FreeRTOS/Source/CMSIS_RTOS_V2/cmsis_os2.o
                0x0000000008006e54                osKernelStart
 .text.osThreadNew
                0x0000000008006ea0      0x126 ./Middlewares/Third_Party/FreeRTOS/Source/CMSIS_RTOS_V2/cmsis_os2.o
                0x0000000008006ea0                osThreadNew
 .text.osDelay  0x0000000008006fc6       0x36 ./Middlewares/Third_Party/FreeRTOS/Source/CMSIS_RTOS_V2/cmsis_os2.o
                0x0000000008006fc6                osDelay
 .text.vApplicationGetIdleTaskMemory
                0x0000000008006ffc       0x34 ./Middlewares/Third_Party/FreeRTOS/Source/CMSIS_RTOS_V2/cmsis_os2.o
                0x0000000008006ffc                vApplicationGetIdleTaskMemory
 .text.vApplicationGetTimerTaskMemory
                0x0000000008007030       0x34 ./Middlewares/Third_Party/FreeRTOS/Source/CMSIS_RTOS_V2/cmsis_os2.o
                0x0000000008007030                vApplicationGetTimerTaskMemory
 .text.vListInitialise
                0x0000000008007064       0x40 ./Middlewares/Third_Party/FreeRTOS/Source/list.o
                0x0000000008007064                vListInitialise
 .text.vListInitialiseItem
                0x00000000080070a4       0x1a ./Middlewares/Third_Party/FreeRTOS/Source/list.o
                0x00000000080070a4                vListInitialiseItem
 .text.vListInsertEnd
                0x00000000080070be       0x48 ./Middlewares/Third_Party/FreeRTOS/Source/list.o
                0x00000000080070be                vListInsertEnd
 .text.vListInsert
                0x0000000008007106       0x72 ./Middlewares/Third_Party/FreeRTOS/Source/list.o
                0x0000000008007106                vListInsert
 .text.uxListRemove
                0x0000000008007178       0x54 ./Middlewares/Third_Party/FreeRTOS/Source/list.o
                0x0000000008007178                uxListRemove
 .text.xQueueGenericReset
                0x00000000080071cc       0xd0 ./Middlewares/Third_Party/FreeRTOS/Source/queue.o
                0x00000000080071cc                xQueueGenericReset
 .text.xQueueGenericCreateStatic
                0x000000000800729c       0xf0 ./Middlewares/Third_Party/FreeRTOS/Source/queue.o
                0x000000000800729c                xQueueGenericCreateStatic
 .text.xQueueGenericCreate
                0x000000000800738c       0x74 ./Middlewares/Third_Party/FreeRTOS/Source/queue.o
                0x000000000800738c                xQueueGenericCreate
 .text.prvInitialiseNewQueue
                0x0000000008007400       0x46 ./Middlewares/Third_Party/FreeRTOS/Source/queue.o
 .text.prvInitialiseMutex
                0x0000000008007446       0x34 ./Middlewares/Third_Party/FreeRTOS/Source/queue.o
 .text.xQueueCreateMutex
                0x000000000800747a       0x30 ./Middlewares/Third_Party/FreeRTOS/Source/queue.o
                0x000000000800747a                xQueueCreateMutex
 *fill*         0x00000000080074aa        0x2 
 .text.xQueueGenericSend
                0x00000000080074ac      0x1fc ./Middlewares/Third_Party/FreeRTOS/Source/queue.o
                0x00000000080074ac                xQueueGenericSend
 .text.xQueueGenericSendFromISR
                0x00000000080076a8      0x136 ./Middlewares/Third_Party/FreeRTOS/Source/queue.o
                0x00000000080076a8                xQueueGenericSendFromISR
 *fill*         0x00000000080077de        0x2 
 .text.xQueueReceive
                0x00000000080077e0      0x1c0 ./Middlewares/Third_Party/FreeRTOS/Source/queue.o
                0x00000000080077e0                xQueueReceive
 .text.xQueueSemaphoreTake
                0x00000000080079a0      0x218 ./Middlewares/Third_Party/FreeRTOS/Source/queue.o
                0x00000000080079a0                xQueueSemaphoreTake
 .text.prvGetDisinheritPriorityAfterTimeout
                0x0000000008007bb8       0x30 ./Middlewares/Third_Party/FreeRTOS/Source/queue.o
 .text.prvCopyDataToQueue
                0x0000000008007be8       0xd4 ./Middlewares/Third_Party/FreeRTOS/Source/queue.o
 .text.prvCopyDataFromQueue
                0x0000000008007cbc       0x4c ./Middlewares/Third_Party/FreeRTOS/Source/queue.o
 .text.prvUnlockQueue
                0x0000000008007d08       0xa4 ./Middlewares/Third_Party/FreeRTOS/Source/queue.o
 .text.prvIsQueueEmpty
                0x0000000008007dac       0x2c ./Middlewares/Third_Party/FreeRTOS/Source/queue.o
 .text.prvIsQueueFull
                0x0000000008007dd8       0x30 ./Middlewares/Third_Party/FreeRTOS/Source/queue.o
 .text.vQueueAddToRegistry
                0x0000000008007e08       0x54 ./Middlewares/Third_Party/FreeRTOS/Source/queue.o
                0x0000000008007e08                vQueueAddToRegistry
 .text.vQueueWaitForMessageRestricted
                0x0000000008007e5c       0x68 ./Middlewares/Third_Party/FreeRTOS/Source/queue.o
                0x0000000008007e5c                vQueueWaitForMessageRestricted
 .text.xTaskCreateStatic
                0x0000000008007ec4       0xbe ./Middlewares/Third_Party/FreeRTOS/Source/tasks.o
                0x0000000008007ec4                xTaskCreateStatic
 .text.xTaskCreate
                0x0000000008007f82       0x8c ./Middlewares/Third_Party/FreeRTOS/Source/tasks.o
                0x0000000008007f82                xTaskCreate
 .text.prvInitialiseNewTask
                0x000000000800800e      0x19e ./Middlewares/Third_Party/FreeRTOS/Source/tasks.o
 .text.prvAddNewTaskToReadyList
                0x00000000080081ac       0xe0 ./Middlewares/Third_Party/FreeRTOS/Source/tasks.o
 .text.vTaskDelay
                0x000000000800828c       0x68 ./Middlewares/Third_Party/FreeRTOS/Source/tasks.o
                0x000000000800828c                vTaskDelay
 .text.vTaskStartScheduler
                0x00000000080082f4       0xe0 ./Middlewares/Third_Party/FreeRTOS/Source/tasks.o
                0x00000000080082f4                vTaskStartScheduler
 .text.vTaskSuspendAll
                0x00000000080083d4       0x1c ./Middlewares/Third_Party/FreeRTOS/Source/tasks.o
                0x00000000080083d4                vTaskSuspendAll
 .text.xTaskResumeAll
                0x00000000080083f0      0x13c ./Middlewares/Third_Party/FreeRTOS/Source/tasks.o
                0x00000000080083f0                xTaskResumeAll
 .text.xTaskGetTickCount
                0x000000000800852c       0x20 ./Middlewares/Third_Party/FreeRTOS/Source/tasks.o
                0x000000000800852c                xTaskGetTickCount
 .text.xTaskIncrementTick
                0x000000000800854c      0x174 ./Middlewares/Third_Party/FreeRTOS/Source/tasks.o
                0x000000000800854c                xTaskIncrementTick
 .text.vTaskSwitchContext
                0x00000000080086c0       0xc8 ./Middlewares/Third_Party/FreeRTOS/Source/tasks.o
                0x00000000080086c0                vTaskSwitchContext
 .text.vTaskPlaceOnEventList
                0x0000000008008788       0x48 ./Middlewares/Third_Party/FreeRTOS/Source/tasks.o
                0x0000000008008788                vTaskPlaceOnEventList
 .text.vTaskPlaceOnEventListRestricted
                0x00000000080087d0       0x58 ./Middlewares/Third_Party/FreeRTOS/Source/tasks.o
                0x00000000080087d0                vTaskPlaceOnEventListRestricted
 .text.xTaskRemoveFromEventList
                0x0000000008008828       0xc8 ./Middlewares/Third_Party/FreeRTOS/Source/tasks.o
                0x0000000008008828                xTaskRemoveFromEventList
 .text.vTaskInternalSetTimeOutState
                0x00000000080088f0       0x2c ./Middlewares/Third_Party/FreeRTOS/Source/tasks.o
                0x00000000080088f0                vTaskInternalSetTimeOutState
 .text.xTaskCheckForTimeOut
                0x000000000800891c       0xc4 ./Middlewares/Third_Party/FreeRTOS/Source/tasks.o
                0x000000000800891c                xTaskCheckForTimeOut
 .text.vTaskMissedYield
                0x00000000080089e0       0x18 ./Middlewares/Third_Party/FreeRTOS/Source/tasks.o
                0x00000000080089e0                vTaskMissedYield
 .text.prvIdleTask
                0x00000000080089f8       0x30 ./Middlewares/Third_Party/FreeRTOS/Source/tasks.o
 .text.prvInitialiseTaskLists
                0x0000000008008a28       0x80 ./Middlewares/Third_Party/FreeRTOS/Source/tasks.o
 .text.prvCheckTasksWaitingTermination
                0x0000000008008aa8       0x5c ./Middlewares/Third_Party/FreeRTOS/Source/tasks.o
 .text.prvDeleteTCB
                0x0000000008008b04       0x68 ./Middlewares/Third_Party/FreeRTOS/Source/tasks.o
 .text.prvResetNextTaskUnblockTime
                0x0000000008008b6c       0x40 ./Middlewares/Third_Party/FreeRTOS/Source/tasks.o
 .text.xTaskGetSchedulerState
                0x0000000008008bac       0x3c ./Middlewares/Third_Party/FreeRTOS/Source/tasks.o
                0x0000000008008bac                xTaskGetSchedulerState
 .text.xTaskPriorityInherit
                0x0000000008008be8       0xd0 ./Middlewares/Third_Party/FreeRTOS/Source/tasks.o
                0x0000000008008be8                xTaskPriorityInherit
 .text.xTaskPriorityDisinherit
                0x0000000008008cb8       0xdc ./Middlewares/Third_Party/FreeRTOS/Source/tasks.o
                0x0000000008008cb8                xTaskPriorityDisinherit
 .text.vTaskPriorityDisinheritAfterTimeout
                0x0000000008008d94      0x104 ./Middlewares/Third_Party/FreeRTOS/Source/tasks.o
                0x0000000008008d94                vTaskPriorityDisinheritAfterTimeout
 .text.pvTaskIncrementMutexHeldCount
                0x0000000008008e98       0x28 ./Middlewares/Third_Party/FreeRTOS/Source/tasks.o
                0x0000000008008e98                pvTaskIncrementMutexHeldCount
 .text.prvAddCurrentTaskToDelayedList
                0x0000000008008ec0       0xa8 ./Middlewares/Third_Party/FreeRTOS/Source/tasks.o
 .text.xTimerCreateTimerTask
                0x0000000008008f68       0x90 ./Middlewares/Third_Party/FreeRTOS/Source/timers.o
                0x0000000008008f68                xTimerCreateTimerTask
 .text.xTimerGenericCommand
                0x0000000008008ff8       0x9c ./Middlewares/Third_Party/FreeRTOS/Source/timers.o
                0x0000000008008ff8                xTimerGenericCommand
 .text.prvProcessExpiredTimer
                0x0000000008009094       0x98 ./Middlewares/Third_Party/FreeRTOS/Source/timers.o
 .text.prvTimerTask
                0x000000000800912c       0x24 ./Middlewares/Third_Party/FreeRTOS/Source/timers.o
 .text.prvProcessTimerOrBlockTask
                0x0000000008009150       0x9c ./Middlewares/Third_Party/FreeRTOS/Source/timers.o
 .text.prvGetNextExpireTime
                0x00000000080091ec       0x48 ./Middlewares/Third_Party/FreeRTOS/Source/timers.o
 .text.prvSampleTimeNow
                0x0000000008009234       0x40 ./Middlewares/Third_Party/FreeRTOS/Source/timers.o
 .text.prvInsertTimerInActiveList
                0x0000000008009274       0x84 ./Middlewares/Third_Party/FreeRTOS/Source/timers.o
 .text.prvProcessReceivedCommands
                0x00000000080092f8      0x1c4 ./Middlewares/Third_Party/FreeRTOS/Source/timers.o
 .text.prvSwitchTimerLists
                0x00000000080094bc       0xc8 ./Middlewares/Third_Party/FreeRTOS/Source/timers.o
 .text.prvCheckForValidListAndQueue
                0x0000000008009584       0x80 ./Middlewares/Third_Party/FreeRTOS/Source/timers.o
 .text.pxPortInitialiseStack
                0x0000000008009604       0x68 ./Middlewares/Third_Party/FreeRTOS/Source/portable/GCC/ARM_CM4F/port.o
                0x0000000008009604                pxPortInitialiseStack
 .text.prvTaskExitError
                0x000000000800966c       0x58 ./Middlewares/Third_Party/FreeRTOS/Source/portable/GCC/ARM_CM4F/port.o
 *fill*         0x00000000080096c4        0xc 
 .text.SVC_Handler
                0x00000000080096d0       0x28 ./Middlewares/Third_Party/FreeRTOS/Source/portable/GCC/ARM_CM4F/port.o
                0x00000000080096d0                SVC_Handler
 .text.prvPortStartFirstTask
                0x00000000080096f8       0x28 ./Middlewares/Third_Party/FreeRTOS/Source/portable/GCC/ARM_CM4F/port.o
 .text.xPortStartScheduler
                0x0000000008009720      0x144 ./Middlewares/Third_Party/FreeRTOS/Source/portable/GCC/ARM_CM4F/port.o
                0x0000000008009720                xPortStartScheduler
 .text.vPortEnterCritical
                0x0000000008009864       0x60 ./Middlewares/Third_Party/FreeRTOS/Source/portable/GCC/ARM_CM4F/port.o
                0x0000000008009864                vPortEnterCritical
 .text.vPortExitCritical
                0x00000000080098c4       0x54 ./Middlewares/Third_Party/FreeRTOS/Source/portable/GCC/ARM_CM4F/port.o
                0x00000000080098c4                vPortExitCritical
 *fill*         0x0000000008009918        0x8 
 .text.PendSV_Handler
                0x0000000008009920       0x68 ./Middlewares/Third_Party/FreeRTOS/Source/portable/GCC/ARM_CM4F/port.o
                0x0000000008009920                PendSV_Handler
 .text.xPortSysTickHandler
                0x0000000008009988       0x44 ./Middlewares/Third_Party/FreeRTOS/Source/portable/GCC/ARM_CM4F/port.o
                0x0000000008009988                xPortSysTickHandler
 .text.vPortSetupTimerInterrupt
                0x00000000080099cc       0x48 ./Middlewares/Third_Party/FreeRTOS/Source/portable/GCC/ARM_CM4F/port.o
                0x00000000080099cc                vPortSetupTimerInterrupt
 .text.vPortEnableVFP
                0x0000000008009a14       0x14 ./Middlewares/Third_Party/FreeRTOS/Source/portable/GCC/ARM_CM4F/port.o
 .text.vPortValidateInterruptPriority
                0x0000000008009a28       0x80 ./Middlewares/Third_Party/FreeRTOS/Source/portable/GCC/ARM_CM4F/port.o
                0x0000000008009a28                vPortValidateInterruptPriority
 .text.pvPortMalloc
                0x0000000008009aa8      0x198 ./Middlewares/Third_Party/FreeRTOS/Source/portable/MemMang/heap_4.o
                0x0000000008009aa8                pvPortMalloc
 .text.vPortFree
                0x0000000008009c40       0xc4 ./Middlewares/Third_Party/FreeRTOS/Source/portable/MemMang/heap_4.o
                0x0000000008009c40                vPortFree
 .text.prvHeapInit
                0x0000000008009d04       0xc8 ./Middlewares/Third_Party/FreeRTOS/Source/portable/MemMang/heap_4.o
 .text.prvInsertBlockIntoFreeList
                0x0000000008009dcc       0xb4 ./Middlewares/Third_Party/FreeRTOS/Source/portable/MemMang/heap_4.o
 .text.__errno  0x0000000008009e80        0xc c:/muiinf-seu/st/stm32cubeide_1.11.2/stm32cubeide/plugins/com.st.stm32cube.ide.mcu.externaltools.gnu-tools-for-stm32.10.3-2021.10.win32_1.0.100.202210260954/tools/bin/../lib/gcc/arm-none-eabi/10.3.1/../../../../arm-none-eabi/lib/thumb/v7e-m+fp/hard\libc.a(lib_a-errno.o)
                0x0000000008009e80                __errno
 .text.__sflush_r
                0x0000000008009e8c      0x11c c:/muiinf-seu/st/stm32cubeide_1.11.2/stm32cubeide/plugins/com.st.stm32cube.ide.mcu.externaltools.gnu-tools-for-stm32.10.3-2021.10.win32_1.0.100.202210260954/tools/bin/../lib/gcc/arm-none-eabi/10.3.1/../../../../arm-none-eabi/lib/thumb/v7e-m+fp/hard\libc.a(lib_a-fflush.o)
                0x0000000008009e8c                __sflush_r
 .text._fflush_r
                0x0000000008009fa8       0x4a c:/muiinf-seu/st/stm32cubeide_1.11.2/stm32cubeide/plugins/com.st.stm32cube.ide.mcu.externaltools.gnu-tools-for-stm32.10.3-2021.10.win32_1.0.100.202210260954/tools/bin/../lib/gcc/arm-none-eabi/10.3.1/../../../../arm-none-eabi/lib/thumb/v7e-m+fp/hard\libc.a(lib_a-fflush.o)
                0x0000000008009fa8                _fflush_r
 *fill*         0x0000000008009ff2        0x2 
 .text.fflush   0x0000000008009ff4       0x24 c:/muiinf-seu/st/stm32cubeide_1.11.2/stm32cubeide/plugins/com.st.stm32cube.ide.mcu.externaltools.gnu-tools-for-stm32.10.3-2021.10.win32_1.0.100.202210260954/tools/bin/../lib/gcc/arm-none-eabi/10.3.1/../../../../arm-none-eabi/lib/thumb/v7e-m+fp/hard\libc.a(lib_a-fflush.o)
                0x0000000008009ff4                fflush
 .text.std      0x000000000800a018       0x50 c:/muiinf-seu/st/stm32cubeide_1.11.2/stm32cubeide/plugins/com.st.stm32cube.ide.mcu.externaltools.gnu-tools-for-stm32.10.3-2021.10.win32_1.0.100.202210260954/tools/bin/../lib/gcc/arm-none-eabi/10.3.1/../../../../arm-none-eabi/lib/thumb/v7e-m+fp/hard\libc.a(lib_a-findfp.o)
 .text._cleanup_r
                0x000000000800a068        0xc c:/muiinf-seu/st/stm32cubeide_1.11.2/stm32cubeide/plugins/com.st.stm32cube.ide.mcu.externaltools.gnu-tools-for-stm32.10.3-2021.10.win32_1.0.100.202210260954/tools/bin/../lib/gcc/arm-none-eabi/10.3.1/../../../../arm-none-eabi/lib/thumb/v7e-m+fp/hard\libc.a(lib_a-findfp.o)
                0x000000000800a068                _cleanup_r
 .text.__sfp_lock_acquire
                0x000000000800a074        0xc c:/muiinf-seu/st/stm32cubeide_1.11.2/stm32cubeide/plugins/com.st.stm32cube.ide.mcu.externaltools.gnu-tools-for-stm32.10.3-2021.10.win32_1.0.100.202210260954/tools/bin/../lib/gcc/arm-none-eabi/10.3.1/../../../../arm-none-eabi/lib/thumb/v7e-m+fp/hard\libc.a(lib_a-findfp.o)
                0x000000000800a074                __sfp_lock_acquire
 .text.__sfp_lock_release
                0x000000000800a080        0xc c:/muiinf-seu/st/stm32cubeide_1.11.2/stm32cubeide/plugins/com.st.stm32cube.ide.mcu.externaltools.gnu-tools-for-stm32.10.3-2021.10.win32_1.0.100.202210260954/tools/bin/../lib/gcc/arm-none-eabi/10.3.1/../../../../arm-none-eabi/lib/thumb/v7e-m+fp/hard\libc.a(lib_a-findfp.o)
                0x000000000800a080                __sfp_lock_release
 .text.__sinit_lock_acquire
                0x000000000800a08c        0xc c:/muiinf-seu/st/stm32cubeide_1.11.2/stm32cubeide/plugins/com.st.stm32cube.ide.mcu.externaltools.gnu-tools-for-stm32.10.3-2021.10.win32_1.0.100.202210260954/tools/bin/../lib/gcc/arm-none-eabi/10.3.1/../../../../arm-none-eabi/lib/thumb/v7e-m+fp/hard\libc.a(lib_a-findfp.o)
                0x000000000800a08c                __sinit_lock_acquire
 .text.__sinit_lock_release
                0x000000000800a098        0xc c:/muiinf-seu/st/stm32cubeide_1.11.2/stm32cubeide/plugins/com.st.stm32cube.ide.mcu.externaltools.gnu-tools-for-stm32.10.3-2021.10.win32_1.0.100.202210260954/tools/bin/../lib/gcc/arm-none-eabi/10.3.1/../../../../arm-none-eabi/lib/thumb/v7e-m+fp/hard\libc.a(lib_a-findfp.o)
                0x000000000800a098                __sinit_lock_release
 .text.__sinit  0x000000000800a0a4       0x50 c:/muiinf-seu/st/stm32cubeide_1.11.2/stm32cubeide/plugins/com.st.stm32cube.ide.mcu.externaltools.gnu-tools-for-stm32.10.3-2021.10.win32_1.0.100.202210260954/tools/bin/../lib/gcc/arm-none-eabi/10.3.1/../../../../arm-none-eabi/lib/thumb/v7e-m+fp/hard\libc.a(lib_a-findfp.o)
                0x000000000800a0a4                __sinit
 .text._malloc_trim_r
                0x000000000800a0f4       0xa8 c:/muiinf-seu/st/stm32cubeide_1.11.2/stm32cubeide/plugins/com.st.stm32cube.ide.mcu.externaltools.gnu-tools-for-stm32.10.3-2021.10.win32_1.0.100.202210260954/tools/bin/../lib/gcc/arm-none-eabi/10.3.1/../../../../arm-none-eabi/lib/thumb/v7e-m+fp/hard\libc.a(lib_a-freer.o)
                0x000000000800a0f4                _malloc_trim_r
 .text._free_r  0x000000000800a19c      0x180 c:/muiinf-seu/st/stm32cubeide_1.11.2/stm32cubeide/plugins/com.st.stm32cube.ide.mcu.externaltools.gnu-tools-for-stm32.10.3-2021.10.win32_1.0.100.202210260954/tools/bin/../lib/gcc/arm-none-eabi/10.3.1/../../../../arm-none-eabi/lib/thumb/v7e-m+fp/hard\libc.a(lib_a-freer.o)
                0x000000000800a19c                _free_r
 .text._fwalk_reent
                0x000000000800a31c       0x3e c:/muiinf-seu/st/stm32cubeide_1.11.2/stm32cubeide/plugins/com.st.stm32cube.ide.mcu.externaltools.gnu-tools-for-stm32.10.3-2021.10.win32_1.0.100.202210260954/tools/bin/../lib/gcc/arm-none-eabi/10.3.1/../../../../arm-none-eabi/lib/thumb/v7e-m+fp/hard\libc.a(lib_a-fwalk.o)
                0x000000000800a31c                _fwalk_reent
 *fill*         0x000000000800a35a        0x2 
 .text.__libc_init_array
                0x000000000800a35c       0x48 c:/muiinf-seu/st/stm32cubeide_1.11.2/stm32cubeide/plugins/com.st.stm32cube.ide.mcu.externaltools.gnu-tools-for-stm32.10.3-2021.10.win32_1.0.100.202210260954/tools/bin/../lib/gcc/arm-none-eabi/10.3.1/../../../../arm-none-eabi/lib/thumb/v7e-m+fp/hard\libc.a(lib_a-init.o)
                0x000000000800a35c                __libc_init_array
 .text.__retarget_lock_init_recursive
                0x000000000800a3a4        0x2 c:/muiinf-seu/st/stm32cubeide_1.11.2/stm32cubeide/plugins/com.st.stm32cube.ide.mcu.externaltools.gnu-tools-for-stm32.10.3-2021.10.win32_1.0.100.202210260954/tools/bin/../lib/gcc/arm-none-eabi/10.3.1/../../../../arm-none-eabi/lib/thumb/v7e-m+fp/hard\libc.a(lib_a-lock.o)
                0x000000000800a3a4                __retarget_lock_init_recursive
 .text.__retarget_lock_close_recursive
                0x000000000800a3a6        0x2 c:/muiinf-seu/st/stm32cubeide_1.11.2/stm32cubeide/plugins/com.st.stm32cube.ide.mcu.externaltools.gnu-tools-for-stm32.10.3-2021.10.win32_1.0.100.202210260954/tools/bin/../lib/gcc/arm-none-eabi/10.3.1/../../../../arm-none-eabi/lib/thumb/v7e-m+fp/hard\libc.a(lib_a-lock.o)
                0x000000000800a3a6                __retarget_lock_close_recursive
 .text.__retarget_lock_acquire_recursive
                0x000000000800a3a8        0x2 c:/muiinf-seu/st/stm32cubeide_1.11.2/stm32cubeide/plugins/com.st.stm32cube.ide.mcu.externaltools.gnu-tools-for-stm32.10.3-2021.10.win32_1.0.100.202210260954/tools/bin/../lib/gcc/arm-none-eabi/10.3.1/../../../../arm-none-eabi/lib/thumb/v7e-m+fp/hard\libc.a(lib_a-lock.o)
                0x000000000800a3a8                __retarget_lock_acquire_recursive
 .text.__retarget_lock_release_recursive
                0x000000000800a3aa        0x2 c:/muiinf-seu/st/stm32cubeide_1.11.2/stm32cubeide/plugins/com.st.stm32cube.ide.mcu.externaltools.gnu-tools-for-stm32.10.3-2021.10.win32_1.0.100.202210260954/tools/bin/../lib/gcc/arm-none-eabi/10.3.1/../../../../arm-none-eabi/lib/thumb/v7e-m+fp/hard\libc.a(lib_a-lock.o)
                0x000000000800a3aa                __retarget_lock_release_recursive
 .text.malloc   0x000000000800a3ac       0x10 c:/muiinf-seu/st/stm32cubeide_1.11.2/stm32cubeide/plugins/com.st.stm32cube.ide.mcu.externaltools.gnu-tools-for-stm32.10.3-2021.10.win32_1.0.100.202210260954/tools/bin/../lib/gcc/arm-none-eabi/10.3.1/../../../../arm-none-eabi/lib/thumb/v7e-m+fp/hard\libc.a(lib_a-malloc.o)
                0x000000000800a3ac                malloc
 .text.free     0x000000000800a3bc       0x10 c:/muiinf-seu/st/stm32cubeide_1.11.2/stm32cubeide/plugins/com.st.stm32cube.ide.mcu.externaltools.gnu-tools-for-stm32.10.3-2021.10.win32_1.0.100.202210260954/tools/bin/../lib/gcc/arm-none-eabi/10.3.1/../../../../arm-none-eabi/lib/thumb/v7e-m+fp/hard\libc.a(lib_a-malloc.o)
                0x000000000800a3bc                free
 .text._malloc_r
                0x000000000800a3cc      0x478 c:/muiinf-seu/st/stm32cubeide_1.11.2/stm32cubeide/plugins/com.st.stm32cube.ide.mcu.externaltools.gnu-tools-for-stm32.10.3-2021.10.win32_1.0.100.202210260954/tools/bin/../lib/gcc/arm-none-eabi/10.3.1/../../../../arm-none-eabi/lib/thumb/v7e-m+fp/hard\libc.a(lib_a-mallocr.o)
                0x000000000800a3cc                _malloc_r
 .text.memcpy   0x000000000800a844       0x1c c:/muiinf-seu/st/stm32cubeide_1.11.2/stm32cubeide/plugins/com.st.stm32cube.ide.mcu.externaltools.gnu-tools-for-stm32.10.3-2021.10.win32_1.0.100.202210260954/tools/bin/../lib/gcc/arm-none-eabi/10.3.1/../../../../arm-none-eabi/lib/thumb/v7e-m+fp/hard\libc.a(lib_a-memcpy-stub.o)
                0x000000000800a844                memcpy
 .text.memset   0x000000000800a860       0x10 c:/muiinf-seu/st/stm32cubeide_1.11.2/stm32cubeide/plugins/com.st.stm32cube.ide.mcu.externaltools.gnu-tools-for-stm32.10.3-2021.10.win32_1.0.100.202210260954/tools/bin/../lib/gcc/arm-none-eabi/10.3.1/../../../../arm-none-eabi/lib/thumb/v7e-m+fp/hard\libc.a(lib_a-memset.o)
                0x000000000800a860                memset
 .text.__malloc_lock
                0x000000000800a870        0xc c:/muiinf-seu/st/stm32cubeide_1.11.2/stm32cubeide/plugins/com.st.stm32cube.ide.mcu.externaltools.gnu-tools-for-stm32.10.3-2021.10.win32_1.0.100.202210260954/tools/bin/../lib/gcc/arm-none-eabi/10.3.1/../../../../arm-none-eabi/lib/thumb/v7e-m+fp/hard\libc.a(lib_a-mlock.o)
                0x000000000800a870                __malloc_lock
 .text.__malloc_unlock
                0x000000000800a87c        0xc c:/muiinf-seu/st/stm32cubeide_1.11.2/stm32cubeide/plugins/com.st.stm32cube.ide.mcu.externaltools.gnu-tools-for-stm32.10.3-2021.10.win32_1.0.100.202210260954/tools/bin/../lib/gcc/arm-none-eabi/10.3.1/../../../../arm-none-eabi/lib/thumb/v7e-m+fp/hard\libc.a(lib_a-mlock.o)
                0x000000000800a87c                __malloc_unlock
 .text._puts_r  0x000000000800a888       0x8c c:/muiinf-seu/st/stm32cubeide_1.11.2/stm32cubeide/plugins/com.st.stm32cube.ide.mcu.externaltools.gnu-tools-for-stm32.10.3-2021.10.win32_1.0.100.202210260954/tools/bin/../lib/gcc/arm-none-eabi/10.3.1/../../../../arm-none-eabi/lib/thumb/v7e-m+fp/hard\libc.a(lib_a-puts.o)
                0x000000000800a888                _puts_r
 .text.puts     0x000000000800a914       0x10 c:/muiinf-seu/st/stm32cubeide_1.11.2/stm32cubeide/plugins/com.st.stm32cube.ide.mcu.externaltools.gnu-tools-for-stm32.10.3-2021.10.win32_1.0.100.202210260954/tools/bin/../lib/gcc/arm-none-eabi/10.3.1/../../../../arm-none-eabi/lib/thumb/v7e-m+fp/hard\libc.a(lib_a-puts.o)
                0x000000000800a914                puts
 .text.realloc  0x000000000800a924       0x10 c:/muiinf-seu/st/stm32cubeide_1.11.2/stm32cubeide/plugins/com.st.stm32cube.ide.mcu.externaltools.gnu-tools-for-stm32.10.3-2021.10.win32_1.0.100.202210260954/tools/bin/../lib/gcc/arm-none-eabi/10.3.1/../../../../arm-none-eabi/lib/thumb/v7e-m+fp/hard\libc.a(lib_a-realloc.o)
                0x000000000800a924                realloc
 .text._realloc_r
                0x000000000800a934      0x348 c:/muiinf-seu/st/stm32cubeide_1.11.2/stm32cubeide/plugins/com.st.stm32cube.ide.mcu.externaltools.gnu-tools-for-stm32.10.3-2021.10.win32_1.0.100.202210260954/tools/bin/../lib/gcc/arm-none-eabi/10.3.1/../../../../arm-none-eabi/lib/thumb/v7e-m+fp/hard\libc.a(lib_a-reallocr.o)
                0x000000000800a934                _realloc_r
 .text.cleanup_glue
                0x000000000800ac7c       0x1a c:/muiinf-seu/st/stm32cubeide_1.11.2/stm32cubeide/plugins/com.st.stm32cube.ide.mcu.externaltools.gnu-tools-for-stm32.10.3-2021.10.win32_1.0.100.202210260954/tools/bin/../lib/gcc/arm-none-eabi/10.3.1/../../../../arm-none-eabi/lib/thumb/v7e-m+fp/hard\libc.a(lib_a-reent.o)
                0x000000000800ac7c                cleanup_glue
 *fill*         0x000000000800ac96        0x2 
 .text._reclaim_reent
                0x000000000800ac98       0x88 c:/muiinf-seu/st/stm32cubeide_1.11.2/stm32cubeide/plugins/com.st.stm32cube.ide.mcu.externaltools.gnu-tools-for-stm32.10.3-2021.10.win32_1.0.100.202210260954/tools/bin/../lib/gcc/arm-none-eabi/10.3.1/../../../../arm-none-eabi/lib/thumb/v7e-m+fp/hard\libc.a(lib_a-reent.o)
                0x000000000800ac98                _reclaim_reent
 .text._sbrk_r  0x000000000800ad20       0x20 c:/muiinf-seu/st/stm32cubeide_1.11.2/stm32cubeide/plugins/com.st.stm32cube.ide.mcu.externaltools.gnu-tools-for-stm32.10.3-2021.10.win32_1.0.100.202210260954/tools/bin/../lib/gcc/arm-none-eabi/10.3.1/../../../../arm-none-eabi/lib/thumb/v7e-m+fp/hard\libc.a(lib_a-sbrkr.o)
                0x000000000800ad20                _sbrk_r
 .text.sprintf  0x000000000800ad40       0x40 c:/muiinf-seu/st/stm32cubeide_1.11.2/stm32cubeide/plugins/com.st.stm32cube.ide.mcu.externaltools.gnu-tools-for-stm32.10.3-2021.10.win32_1.0.100.202210260954/tools/bin/../lib/gcc/arm-none-eabi/10.3.1/../../../../arm-none-eabi/lib/thumb/v7e-m+fp/hard\libc.a(lib_a-sprintf.o)
                0x000000000800ad40                sprintf
 .text.__sread  0x000000000800ad80       0x22 c:/muiinf-seu/st/stm32cubeide_1.11.2/stm32cubeide/plugins/com.st.stm32cube.ide.mcu.externaltools.gnu-tools-for-stm32.10.3-2021.10.win32_1.0.100.202210260954/tools/bin/../lib/gcc/arm-none-eabi/10.3.1/../../../../arm-none-eabi/lib/thumb/v7e-m+fp/hard\libc.a(lib_a-stdio.o)
                0x000000000800ad80                __sread
 .text.__swrite
                0x000000000800ada2       0x38 c:/muiinf-seu/st/stm32cubeide_1.11.2/stm32cubeide/plugins/com.st.stm32cube.ide.mcu.externaltools.gnu-tools-for-stm32.10.3-2021.10.win32_1.0.100.202210260954/tools/bin/../lib/gcc/arm-none-eabi/10.3.1/../../../../arm-none-eabi/lib/thumb/v7e-m+fp/hard\libc.a(lib_a-stdio.o)
                0x000000000800ada2                __swrite
 .text.__sseek  0x000000000800adda       0x24 c:/muiinf-seu/st/stm32cubeide_1.11.2/stm32cubeide/plugins/com.st.stm32cube.ide.mcu.externaltools.gnu-tools-for-stm32.10.3-2021.10.win32_1.0.100.202210260954/tools/bin/../lib/gcc/arm-none-eabi/10.3.1/../../../../arm-none-eabi/lib/thumb/v7e-m+fp/hard\libc.a(lib_a-stdio.o)
                0x000000000800adda                __sseek
 .text.__sclose
                0x000000000800adfe        0x8 c:/muiinf-seu/st/stm32cubeide_1.11.2/stm32cubeide/plugins/com.st.stm32cube.ide.mcu.externaltools.gnu-tools-for-stm32.10.3-2021.10.win32_1.0.100.202210260954/tools/bin/../lib/gcc/arm-none-eabi/10.3.1/../../../../arm-none-eabi/lib/thumb/v7e-m+fp/hard\libc.a(lib_a-stdio.o)
                0x000000000800adfe                __sclose
 .text.strchr   0x000000000800ae06       0x1a c:/muiinf-seu/st/stm32cubeide_1.11.2/stm32cubeide/plugins/com.st.stm32cube.ide.mcu.externaltools.gnu-tools-for-stm32.10.3-2021.10.win32_1.0.100.202210260954/tools/bin/../lib/gcc/arm-none-eabi/10.3.1/../../../../arm-none-eabi/lib/thumb/v7e-m+fp/hard\libc.a(lib_a-strchr.o)
                0x000000000800ae06                strchr
 .text.strncmp  0x000000000800ae20       0x28 c:/muiinf-seu/st/stm32cubeide_1.11.2/stm32cubeide/plugins/com.st.stm32cube.ide.mcu.externaltools.gnu-tools-for-stm32.10.3-2021.10.win32_1.0.100.202210260954/tools/bin/../lib/gcc/arm-none-eabi/10.3.1/../../../../arm-none-eabi/lib/thumb/v7e-m+fp/hard\libc.a(lib_a-strncmp.o)
                0x000000000800ae20                strncmp
 .text.strstr   0x000000000800ae48       0x2c c:/muiinf-seu/st/stm32cubeide_1.11.2/stm32cubeide/plugins/com.st.stm32cube.ide.mcu.externaltools.gnu-tools-for-stm32.10.3-2021.10.win32_1.0.100.202210260954/tools/bin/../lib/gcc/arm-none-eabi/10.3.1/../../../../arm-none-eabi/lib/thumb/v7e-m+fp/hard\libc.a(lib_a-strstr.o)
                0x000000000800ae48                strstr
 .text.sulp     0x000000000800ae74       0x38 c:/muiinf-seu/st/stm32cubeide_1.11.2/stm32cubeide/plugins/com.st.stm32cube.ide.mcu.externaltools.gnu-tools-for-stm32.10.3-2021.10.win32_1.0.100.202210260954/tools/bin/../lib/gcc/arm-none-eabi/10.3.1/../../../../arm-none-eabi/lib/thumb/v7e-m+fp/hard\libc.a(lib_a-strtod.o)
 *fill*         0x000000000800aeac        0x4 
 .text._strtod_l
                0x000000000800aeb0      0xc0c c:/muiinf-seu/st/stm32cubeide_1.11.2/stm32cubeide/plugins/com.st.stm32cube.ide.mcu.externaltools.gnu-tools-for-stm32.10.3-2021.10.win32_1.0.100.202210260954/tools/bin/../lib/gcc/arm-none-eabi/10.3.1/../../../../arm-none-eabi/lib/thumb/v7e-m+fp/hard\libc.a(lib_a-strtod.o)
                0x000000000800aeb0                _strtod_l
 .text.strtod   0x000000000800babc       0x18 c:/muiinf-seu/st/stm32cubeide_1.11.2/stm32cubeide/plugins/com.st.stm32cube.ide.mcu.externaltools.gnu-tools-for-stm32.10.3-2021.10.win32_1.0.100.202210260954/tools/bin/../lib/gcc/arm-none-eabi/10.3.1/../../../../arm-none-eabi/lib/thumb/v7e-m+fp/hard\libc.a(lib_a-strtod.o)
                0x000000000800babc                strtod
 *fill*         0x000000000800bad4        0x4 
 .text._svfprintf_r
                0x000000000800bad8     0x13c8 c:/muiinf-seu/st/stm32cubeide_1.11.2/stm32cubeide/plugins/com.st.stm32cube.ide.mcu.externaltools.gnu-tools-for-stm32.10.3-2021.10.win32_1.0.100.202210260954/tools/bin/../lib/gcc/arm-none-eabi/10.3.1/../../../../arm-none-eabi/lib/thumb/v7e-m+fp/hard\libc.a(lib_a-svfprintf.o)
                0x000000000800bad8                _svfprintf_r
 .text.sysconf  0x000000000800cea0       0x1a c:/muiinf-seu/st/stm32cubeide_1.11.2/stm32cubeide/plugins/com.st.stm32cube.ide.mcu.externaltools.gnu-tools-for-stm32.10.3-2021.10.win32_1.0.100.202210260954/tools/bin/../lib/gcc/arm-none-eabi/10.3.1/../../../../arm-none-eabi/lib/thumb/v7e-m+fp/hard\libc.a(lib_a-sysconf.o)
                0x000000000800cea0                sysconf
 *fill*         0x000000000800ceba        0x2 
 .text._vsprintf_r
                0x000000000800cebc       0x2c c:/muiinf-seu/st/stm32cubeide_1.11.2/stm32cubeide/plugins/com.st.stm32cube.ide.mcu.externaltools.gnu-tools-for-stm32.10.3-2021.10.win32_1.0.100.202210260954/tools/bin/../lib/gcc/arm-none-eabi/10.3.1/../../../../arm-none-eabi/lib/thumb/v7e-m+fp/hard\libc.a(lib_a-vsprintf.o)
                0x000000000800cebc                _vsprintf_r
 .text.vsprintf
                0x000000000800cee8       0x14 c:/muiinf-seu/st/stm32cubeide_1.11.2/stm32cubeide/plugins/com.st.stm32cube.ide.mcu.externaltools.gnu-tools-for-stm32.10.3-2021.10.win32_1.0.100.202210260954/tools/bin/../lib/gcc/arm-none-eabi/10.3.1/../../../../arm-none-eabi/lib/thumb/v7e-m+fp/hard\libc.a(lib_a-vsprintf.o)
                0x000000000800cee8                vsprintf
 .text._write_r
                0x000000000800cefc       0x24 c:/muiinf-seu/st/stm32cubeide_1.11.2/stm32cubeide/plugins/com.st.stm32cube.ide.mcu.externaltools.gnu-tools-for-stm32.10.3-2021.10.win32_1.0.100.202210260954/tools/bin/../lib/gcc/arm-none-eabi/10.3.1/../../../../arm-none-eabi/lib/thumb/v7e-m+fp/hard\libc.a(lib_a-writer.o)
                0x000000000800cefc                _write_r
 .text.startup.register_fini
                0x000000000800cf20       0x14 c:/muiinf-seu/st/stm32cubeide_1.11.2/stm32cubeide/plugins/com.st.stm32cube.ide.mcu.externaltools.gnu-tools-for-stm32.10.3-2021.10.win32_1.0.100.202210260954/tools/bin/../lib/gcc/arm-none-eabi/10.3.1/../../../../arm-none-eabi/lib/thumb/v7e-m+fp/hard\libc.a(lib_a-__call_atexit.o)
 .text.atexit   0x000000000800cf34        0xc c:/muiinf-seu/st/stm32cubeide_1.11.2/stm32cubeide/plugins/com.st.stm32cube.ide.mcu.externaltools.gnu-tools-for-stm32.10.3-2021.10.win32_1.0.100.202210260954/tools/bin/../lib/gcc/arm-none-eabi/10.3.1/../../../../arm-none-eabi/lib/thumb/v7e-m+fp/hard\libc.a(lib_a-atexit.o)
                0x000000000800cf34                atexit
 .text._close_r
                0x000000000800cf40       0x20 c:/muiinf-seu/st/stm32cubeide_1.11.2/stm32cubeide/plugins/com.st.stm32cube.ide.mcu.externaltools.gnu-tools-for-stm32.10.3-2021.10.win32_1.0.100.202210260954/tools/bin/../lib/gcc/arm-none-eabi/10.3.1/../../../../arm-none-eabi/lib/thumb/v7e-m+fp/hard\libc.a(lib_a-closer.o)
                0x000000000800cf40                _close_r
 .text.quorem   0x000000000800cf60      0x116 c:/muiinf-seu/st/stm32cubeide_1.11.2/stm32cubeide/plugins/com.st.stm32cube.ide.mcu.externaltools.gnu-tools-for-stm32.10.3-2021.10.win32_1.0.100.202210260954/tools/bin/../lib/gcc/arm-none-eabi/10.3.1/../../../../arm-none-eabi/lib/thumb/v7e-m+fp/hard\libc.a(lib_a-dtoa.o)
 *fill*         0x000000000800d076        0x2 
 .text._dtoa_r  0x000000000800d078      0xbac c:/muiinf-seu/st/stm32cubeide_1.11.2/stm32cubeide/plugins/com.st.stm32cube.ide.mcu.externaltools.gnu-tools-for-stm32.10.3-2021.10.win32_1.0.100.202210260954/tools/bin/../lib/gcc/arm-none-eabi/10.3.1/../../../../arm-none-eabi/lib/thumb/v7e-m+fp/hard\libc.a(lib_a-dtoa.o)
                0x000000000800d078                _dtoa_r
 .text._fclose_r
                0x000000000800dc24       0xae c:/muiinf-seu/st/stm32cubeide_1.11.2/stm32cubeide/plugins/com.st.stm32cube.ide.mcu.externaltools.gnu-tools-for-stm32.10.3-2021.10.win32_1.0.100.202210260954/tools/bin/../lib/gcc/arm-none-eabi/10.3.1/../../../../arm-none-eabi/lib/thumb/v7e-m+fp/hard\libc.a(lib_a-fclose.o)
                0x000000000800dc24                _fclose_r
 *fill*         0x000000000800dcd2        0x2 
 .text.__libc_fini_array
                0x000000000800dcd4       0x28 c:/muiinf-seu/st/stm32cubeide_1.11.2/stm32cubeide/plugins/com.st.stm32cube.ide.mcu.externaltools.gnu-tools-for-stm32.10.3-2021.10.win32_1.0.100.202210260954/tools/bin/../lib/gcc/arm-none-eabi/10.3.1/../../../../arm-none-eabi/lib/thumb/v7e-m+fp/hard\libc.a(lib_a-fini.o)
                0x000000000800dcd4                __libc_fini_array
 .text.__sfvwrite_r
                0x000000000800dcfc      0x294 c:/muiinf-seu/st/stm32cubeide_1.11.2/stm32cubeide/plugins/com.st.stm32cube.ide.mcu.externaltools.gnu-tools-for-stm32.10.3-2021.10.win32_1.0.100.202210260954/tools/bin/../lib/gcc/arm-none-eabi/10.3.1/../../../../arm-none-eabi/lib/thumb/v7e-m+fp/hard\libc.a(lib_a-fvwrite.o)
                0x000000000800dcfc                __sfvwrite_r
 .text.rshift   0x000000000800df90       0xa4 c:/muiinf-seu/st/stm32cubeide_1.11.2/stm32cubeide/plugins/com.st.stm32cube.ide.mcu.externaltools.gnu-tools-for-stm32.10.3-2021.10.win32_1.0.100.202210260954/tools/bin/../lib/gcc/arm-none-eabi/10.3.1/../../../../arm-none-eabi/lib/thumb/v7e-m+fp/hard\libc.a(lib_a-gdtoa-gethex.o)
 .text.__hexdig_fun
                0x000000000800e034       0x2a c:/muiinf-seu/st/stm32cubeide_1.11.2/stm32cubeide/plugins/com.st.stm32cube.ide.mcu.externaltools.gnu-tools-for-stm32.10.3-2021.10.win32_1.0.100.202210260954/tools/bin/../lib/gcc/arm-none-eabi/10.3.1/../../../../arm-none-eabi/lib/thumb/v7e-m+fp/hard\libc.a(lib_a-gdtoa-gethex.o)
                0x000000000800e034                __hexdig_fun
 *fill*         0x000000000800e05e        0x2 
 .text.__gethex
                0x000000000800e060      0x48c c:/muiinf-seu/st/stm32cubeide_1.11.2/stm32cubeide/plugins/com.st.stm32cube.ide.mcu.externaltools.gnu-tools-for-stm32.10.3-2021.10.win32_1.0.100.202210260954/tools/bin/../lib/gcc/arm-none-eabi/10.3.1/../../../../arm-none-eabi/lib/thumb/v7e-m+fp/hard\libc.a(lib_a-gdtoa-gethex.o)
                0x000000000800e060                __gethex
 .text.L_shift  0x000000000800e4ec       0x24 c:/muiinf-seu/st/stm32cubeide_1.11.2/stm32cubeide/plugins/com.st.stm32cube.ide.mcu.externaltools.gnu-tools-for-stm32.10.3-2021.10.win32_1.0.100.202210260954/tools/bin/../lib/gcc/arm-none-eabi/10.3.1/../../../../arm-none-eabi/lib/thumb/v7e-m+fp/hard\libc.a(lib_a-gdtoa-hexnan.o)
 .text.__match  0x000000000800e510       0x28 c:/muiinf-seu/st/stm32cubeide_1.11.2/stm32cubeide/plugins/com.st.stm32cube.ide.mcu.externaltools.gnu-tools-for-stm32.10.3-2021.10.win32_1.0.100.202210260954/tools/bin/../lib/gcc/arm-none-eabi/10.3.1/../../../../arm-none-eabi/lib/thumb/v7e-m+fp/hard\libc.a(lib_a-gdtoa-hexnan.o)
                0x000000000800e510                __match
 .text.__hexnan
                0x000000000800e538      0x138 c:/muiinf-seu/st/stm32cubeide_1.11.2/stm32cubeide/plugins/com.st.stm32cube.ide.mcu.externaltools.gnu-tools-for-stm32.10.3-2021.10.win32_1.0.100.202210260954/tools/bin/../lib/gcc/arm-none-eabi/10.3.1/../../../../arm-none-eabi/lib/thumb/v7e-m+fp/hard\libc.a(lib_a-gdtoa-hexnan.o)
                0x000000000800e538                __hexnan
 .text.__locale_mb_cur_max
                0x000000000800e670        0xc c:/muiinf-seu/st/stm32cubeide_1.11.2/stm32cubeide/plugins/com.st.stm32cube.ide.mcu.externaltools.gnu-tools-for-stm32.10.3-2021.10.win32_1.0.100.202210260954/tools/bin/../lib/gcc/arm-none-eabi/10.3.1/../../../../arm-none-eabi/lib/thumb/v7e-m+fp/hard\libc.a(lib_a-locale.o)
                0x000000000800e670                __locale_mb_cur_max
 .text._localeconv_r
                0x000000000800e67c        0x8 c:/muiinf-seu/st/stm32cubeide_1.11.2/stm32cubeide/plugins/com.st.stm32cube.ide.mcu.externaltools.gnu-tools-for-stm32.10.3-2021.10.win32_1.0.100.202210260954/tools/bin/../lib/gcc/arm-none-eabi/10.3.1/../../../../arm-none-eabi/lib/thumb/v7e-m+fp/hard\libc.a(lib_a-localeconv.o)
                0x000000000800e67c                _localeconv_r
 .text._lseek_r
                0x000000000800e684       0x24 c:/muiinf-seu/st/stm32cubeide_1.11.2/stm32cubeide/plugins/com.st.stm32cube.ide.mcu.externaltools.gnu-tools-for-stm32.10.3-2021.10.win32_1.0.100.202210260954/tools/bin/../lib/gcc/arm-none-eabi/10.3.1/../../../../arm-none-eabi/lib/thumb/v7e-m+fp/hard\libc.a(lib_a-lseekr.o)
                0x000000000800e684                _lseek_r
 .text.__ascii_mbtowc
                0x000000000800e6a8       0x24 c:/muiinf-seu/st/stm32cubeide_1.11.2/stm32cubeide/plugins/com.st.stm32cube.ide.mcu.externaltools.gnu-tools-for-stm32.10.3-2021.10.win32_1.0.100.202210260954/tools/bin/../lib/gcc/arm-none-eabi/10.3.1/../../../../arm-none-eabi/lib/thumb/v7e-m+fp/hard\libc.a(lib_a-mbtowc_r.o)
                0x000000000800e6a8                __ascii_mbtowc
 .text.memmove  0x000000000800e6cc       0x34 c:/muiinf-seu/st/stm32cubeide_1.11.2/stm32cubeide/plugins/com.st.stm32cube.ide.mcu.externaltools.gnu-tools-for-stm32.10.3-2021.10.win32_1.0.100.202210260954/tools/bin/../lib/gcc/arm-none-eabi/10.3.1/../../../../arm-none-eabi/lib/thumb/v7e-m+fp/hard\libc.a(lib_a-memmove.o)
                0x000000000800e6cc                memmove
 .text._Balloc  0x000000000800e700       0x4a c:/muiinf-seu/st/stm32cubeide_1.11.2/stm32cubeide/plugins/com.st.stm32cube.ide.mcu.externaltools.gnu-tools-for-stm32.10.3-2021.10.win32_1.0.100.202210260954/tools/bin/../lib/gcc/arm-none-eabi/10.3.1/../../../../arm-none-eabi/lib/thumb/v7e-m+fp/hard\libc.a(lib_a-mprec.o)
                0x000000000800e700                _Balloc
 .text._Bfree   0x000000000800e74a       0x12 c:/muiinf-seu/st/stm32cubeide_1.11.2/stm32cubeide/plugins/com.st.stm32cube.ide.mcu.externaltools.gnu-tools-for-stm32.10.3-2021.10.win32_1.0.100.202210260954/tools/bin/../lib/gcc/arm-none-eabi/10.3.1/../../../../arm-none-eabi/lib/thumb/v7e-m+fp/hard\libc.a(lib_a-mprec.o)
                0x000000000800e74a                _Bfree
 .text.__multadd
                0x000000000800e75c       0x8c c:/muiinf-seu/st/stm32cubeide_1.11.2/stm32cubeide/plugins/com.st.stm32cube.ide.mcu.externaltools.gnu-tools-for-stm32.10.3-2021.10.win32_1.0.100.202210260954/tools/bin/../lib/gcc/arm-none-eabi/10.3.1/../../../../arm-none-eabi/lib/thumb/v7e-m+fp/hard\libc.a(lib_a-mprec.o)
                0x000000000800e75c                __multadd
 .text.__s2b    0x000000000800e7e8       0x94 c:/muiinf-seu/st/stm32cubeide_1.11.2/stm32cubeide/plugins/com.st.stm32cube.ide.mcu.externaltools.gnu-tools-for-stm32.10.3-2021.10.win32_1.0.100.202210260954/tools/bin/../lib/gcc/arm-none-eabi/10.3.1/../../../../arm-none-eabi/lib/thumb/v7e-m+fp/hard\libc.a(lib_a-mprec.o)
                0x000000000800e7e8                __s2b
 .text.__hi0bits
                0x000000000800e87c       0x40 c:/muiinf-seu/st/stm32cubeide_1.11.2/stm32cubeide/plugins/com.st.stm32cube.ide.mcu.externaltools.gnu-tools-for-stm32.10.3-2021.10.win32_1.0.100.202210260954/tools/bin/../lib/gcc/arm-none-eabi/10.3.1/../../../../arm-none-eabi/lib/thumb/v7e-m+fp/hard\libc.a(lib_a-mprec.o)
                0x000000000800e87c                __hi0bits
 .text.__lo0bits
                0x000000000800e8bc       0x5e c:/muiinf-seu/st/stm32cubeide_1.11.2/stm32cubeide/plugins/com.st.stm32cube.ide.mcu.externaltools.gnu-tools-for-stm32.10.3-2021.10.win32_1.0.100.202210260954/tools/bin/../lib/gcc/arm-none-eabi/10.3.1/../../../../arm-none-eabi/lib/thumb/v7e-m+fp/hard\libc.a(lib_a-mprec.o)
                0x000000000800e8bc                __lo0bits
 *fill*         0x000000000800e91a        0x2 
 .text.__i2b    0x000000000800e91c       0x2c c:/muiinf-seu/st/stm32cubeide_1.11.2/stm32cubeide/plugins/com.st.stm32cube.ide.mcu.externaltools.gnu-tools-for-stm32.10.3-2021.10.win32_1.0.100.202210260954/tools/bin/../lib/gcc/arm-none-eabi/10.3.1/../../../../arm-none-eabi/lib/thumb/v7e-m+fp/hard\libc.a(lib_a-mprec.o)
                0x000000000800e91c                __i2b
 .text.__multiply
                0x000000000800e948      0x154 c:/muiinf-seu/st/stm32cubeide_1.11.2/stm32cubeide/plugins/com.st.stm32cube.ide.mcu.externaltools.gnu-tools-for-stm32.10.3-2021.10.win32_1.0.100.202210260954/tools/bin/../lib/gcc/arm-none-eabi/10.3.1/../../../../arm-none-eabi/lib/thumb/v7e-m+fp/hard\libc.a(lib_a-mprec.o)
                0x000000000800e948                __multiply
 .text.__pow5mult
                0x000000000800ea9c       0x80 c:/muiinf-seu/st/stm32cubeide_1.11.2/stm32cubeide/plugins/com.st.stm32cube.ide.mcu.externaltools.gnu-tools-for-stm32.10.3-2021.10.win32_1.0.100.202210260954/tools/bin/../lib/gcc/arm-none-eabi/10.3.1/../../../../arm-none-eabi/lib/thumb/v7e-m+fp/hard\libc.a(lib_a-mprec.o)
                0x000000000800ea9c                __pow5mult
 .text.__lshift
                0x000000000800eb1c       0xe0 c:/muiinf-seu/st/stm32cubeide_1.11.2/stm32cubeide/plugins/com.st.stm32cube.ide.mcu.externaltools.gnu-tools-for-stm32.10.3-2021.10.win32_1.0.100.202210260954/tools/bin/../lib/gcc/arm-none-eabi/10.3.1/../../../../arm-none-eabi/lib/thumb/v7e-m+fp/hard\libc.a(lib_a-mprec.o)
                0x000000000800eb1c                __lshift
 .text.__mcmp   0x000000000800ebfc       0x38 c:/muiinf-seu/st/stm32cubeide_1.11.2/stm32cubeide/plugins/com.st.stm32cube.ide.mcu.externaltools.gnu-tools-for-stm32.10.3-2021.10.win32_1.0.100.202210260954/tools/bin/../lib/gcc/arm-none-eabi/10.3.1/../../../../arm-none-eabi/lib/thumb/v7e-m+fp/hard\libc.a(lib_a-mprec.o)
                0x000000000800ebfc                __mcmp
 .text.__mdiff  0x000000000800ec34      0x114 c:/muiinf-seu/st/stm32cubeide_1.11.2/stm32cubeide/plugins/com.st.stm32cube.ide.mcu.externaltools.gnu-tools-for-stm32.10.3-2021.10.win32_1.0.100.202210260954/tools/bin/../lib/gcc/arm-none-eabi/10.3.1/../../../../arm-none-eabi/lib/thumb/v7e-m+fp/hard\libc.a(lib_a-mprec.o)
                0x000000000800ec34                __mdiff
 .text.__ulp    0x000000000800ed48       0x58 c:/muiinf-seu/st/stm32cubeide_1.11.2/stm32cubeide/plugins/com.st.stm32cube.ide.mcu.externaltools.gnu-tools-for-stm32.10.3-2021.10.win32_1.0.100.202210260954/tools/bin/../lib/gcc/arm-none-eabi/10.3.1/../../../../arm-none-eabi/lib/thumb/v7e-m+fp/hard\libc.a(lib_a-mprec.o)
                0x000000000800ed48                __ulp
 .text.__b2d    0x000000000800eda0       0xa0 c:/muiinf-seu/st/stm32cubeide_1.11.2/stm32cubeide/plugins/com.st.stm32cube.ide.mcu.externaltools.gnu-tools-for-stm32.10.3-2021.10.win32_1.0.100.202210260954/tools/bin/../lib/gcc/arm-none-eabi/10.3.1/../../../../arm-none-eabi/lib/thumb/v7e-m+fp/hard\libc.a(lib_a-mprec.o)
                0x000000000800eda0                __b2d
 .text.__d2b    0x000000000800ee40       0xb8 c:/muiinf-seu/st/stm32cubeide_1.11.2/stm32cubeide/plugins/com.st.stm32cube.ide.mcu.externaltools.gnu-tools-for-stm32.10.3-2021.10.win32_1.0.100.202210260954/tools/bin/../lib/gcc/arm-none-eabi/10.3.1/../../../../arm-none-eabi/lib/thumb/v7e-m+fp/hard\libc.a(lib_a-mprec.o)
                0x000000000800ee40                __d2b
 .text.__ratio  0x000000000800eef8       0x66 c:/muiinf-seu/st/stm32cubeide_1.11.2/stm32cubeide/plugins/com.st.stm32cube.ide.mcu.externaltools.gnu-tools-for-stm32.10.3-2021.10.win32_1.0.100.202210260954/tools/bin/../lib/gcc/arm-none-eabi/10.3.1/../../../../arm-none-eabi/lib/thumb/v7e-m+fp/hard\libc.a(lib_a-mprec.o)
                0x000000000800eef8                __ratio
 .text.__copybits
                0x000000000800ef5e       0x46 c:/muiinf-seu/st/stm32cubeide_1.11.2/stm32cubeide/plugins/com.st.stm32cube.ide.mcu.externaltools.gnu-tools-for-stm32.10.3-2021.10.win32_1.0.100.202210260954/tools/bin/../lib/gcc/arm-none-eabi/10.3.1/../../../../arm-none-eabi/lib/thumb/v7e-m+fp/hard\libc.a(lib_a-mprec.o)
                0x000000000800ef5e                __copybits
 .text.__any_on
                0x000000000800efa4       0x42 c:/muiinf-seu/st/stm32cubeide_1.11.2/stm32cubeide/plugins/com.st.stm32cube.ide.mcu.externaltools.gnu-tools-for-stm32.10.3-2021.10.win32_1.0.100.202210260954/tools/bin/../lib/gcc/arm-none-eabi/10.3.1/../../../../arm-none-eabi/lib/thumb/v7e-m+fp/hard\libc.a(lib_a-mprec.o)
                0x000000000800efa4                __any_on
 *fill*         0x000000000800efe6        0x2 
 .text._read_r  0x000000000800efe8       0x24 c:/muiinf-seu/st/stm32cubeide_1.11.2/stm32cubeide/plugins/com.st.stm32cube.ide.mcu.externaltools.gnu-tools-for-stm32.10.3-2021.10.win32_1.0.100.202210260954/tools/bin/../lib/gcc/arm-none-eabi/10.3.1/../../../../arm-none-eabi/lib/thumb/v7e-m+fp/hard\libc.a(lib_a-readr.o)
                0x000000000800efe8                _read_r
 .text.frexp    0x000000000800f00c       0x70 c:/muiinf-seu/st/stm32cubeide_1.11.2/stm32cubeide/plugins/com.st.stm32cube.ide.mcu.externaltools.gnu-tools-for-stm32.10.3-2021.10.win32_1.0.100.202210260954/tools/bin/../lib/gcc/arm-none-eabi/10.3.1/../../../../arm-none-eabi/lib/thumb/v7e-m+fp/hard\libc.a(lib_a-s_frexp.o)
                0x000000000800f00c                frexp
 *fill*         0x000000000800f07c        0x4 
 .text.nan      0x000000000800f080       0x10 c:/muiinf-seu/st/stm32cubeide_1.11.2/stm32cubeide/plugins/com.st.stm32cube.ide.mcu.externaltools.gnu-tools-for-stm32.10.3-2021.10.win32_1.0.100.202210260954/tools/bin/../lib/gcc/arm-none-eabi/10.3.1/../../../../arm-none-eabi/lib/thumb/v7e-m+fp/hard\libc.a(lib_a-s_nan.o)
                0x000000000800f080                nan
 .text.strncpy  0x000000000800f090       0x26 c:/muiinf-seu/st/stm32cubeide_1.11.2/stm32cubeide/plugins/com.st.stm32cube.ide.mcu.externaltools.gnu-tools-for-stm32.10.3-2021.10.win32_1.0.100.202210260954/tools/bin/../lib/gcc/arm-none-eabi/10.3.1/../../../../arm-none-eabi/lib/thumb/v7e-m+fp/hard\libc.a(lib_a-strncpy.o)
                0x000000000800f090                strncpy
 .text.__ssprint_r
                0x000000000800f0b6       0xf6 c:/muiinf-seu/st/stm32cubeide_1.11.2/stm32cubeide/plugins/com.st.stm32cube.ide.mcu.externaltools.gnu-tools-for-stm32.10.3-2021.10.win32_1.0.100.202210260954/tools/bin/../lib/gcc/arm-none-eabi/10.3.1/../../../../arm-none-eabi/lib/thumb/v7e-m+fp/hard\libc.a(lib_a-svfiprintf.o)
                0x000000000800f0b6                __ssprint_r
 .text.__ascii_wctomb
                0x000000000800f1ac       0x1a c:/muiinf-seu/st/stm32cubeide_1.11.2/stm32cubeide/plugins/com.st.stm32cube.ide.mcu.externaltools.gnu-tools-for-stm32.10.3-2021.10.win32_1.0.100.202210260954/tools/bin/../lib/gcc/arm-none-eabi/10.3.1/../../../../arm-none-eabi/lib/thumb/v7e-m+fp/hard\libc.a(lib_a-wctomb_r.o)
                0x000000000800f1ac                __ascii_wctomb
 *fill*         0x000000000800f1c6        0x2 
 .text.__swsetup_r
                0x000000000800f1c8       0xb0 c:/muiinf-seu/st/stm32cubeide_1.11.2/stm32cubeide/plugins/com.st.stm32cube.ide.mcu.externaltools.gnu-tools-for-stm32.10.3-2021.10.win32_1.0.100.202210260954/tools/bin/../lib/gcc/arm-none-eabi/10.3.1/../../../../arm-none-eabi/lib/thumb/v7e-m+fp/hard\libc.a(lib_a-wsetup.o)
                0x000000000800f1c8                __swsetup_r
 .text.__register_exitproc
                0x000000000800f278       0x84 c:/muiinf-seu/st/stm32cubeide_1.11.2/stm32cubeide/plugins/com.st.stm32cube.ide.mcu.externaltools.gnu-tools-for-stm32.10.3-2021.10.win32_1.0.100.202210260954/tools/bin/../lib/gcc/arm-none-eabi/10.3.1/../../../../arm-none-eabi/lib/thumb/v7e-m+fp/hard\libc.a(lib_a-__atexit.o)
                0x000000000800f278                __register_exitproc
 .text.__assert_func
                0x000000000800f2fc       0x3c c:/muiinf-seu/st/stm32cubeide_1.11.2/stm32cubeide/plugins/com.st.stm32cube.ide.mcu.externaltools.gnu-tools-for-stm32.10.3-2021.10.win32_1.0.100.202210260954/tools/bin/../lib/gcc/arm-none-eabi/10.3.1/../../../../arm-none-eabi/lib/thumb/v7e-m+fp/hard\libc.a(lib_a-assert.o)
                0x000000000800f2fc                __assert_func
 .text._calloc_r
                0x000000000800f338       0x6a c:/muiinf-seu/st/stm32cubeide_1.11.2/stm32cubeide/plugins/com.st.stm32cube.ide.mcu.externaltools.gnu-tools-for-stm32.10.3-2021.10.win32_1.0.100.202210260954/tools/bin/../lib/gcc/arm-none-eabi/10.3.1/../../../../arm-none-eabi/lib/thumb/v7e-m+fp/hard\libc.a(lib_a-callocr.o)
                0x000000000800f338                _calloc_r
 *fill*         0x000000000800f3a2        0x2 
 .text.fiprintf
                0x000000000800f3a4       0x24 c:/muiinf-seu/st/stm32cubeide_1.11.2/stm32cubeide/plugins/com.st.stm32cube.ide.mcu.externaltools.gnu-tools-for-stm32.10.3-2021.10.win32_1.0.100.202210260954/tools/bin/../lib/gcc/arm-none-eabi/10.3.1/../../../../arm-none-eabi/lib/thumb/v7e-m+fp/hard\libc.a(lib_a-fiprintf.o)
                0x000000000800f3a4                fiprintf
 .text.__swhatbuf_r
                0x000000000800f3c8       0x58 c:/muiinf-seu/st/stm32cubeide_1.11.2/stm32cubeide/plugins/com.st.stm32cube.ide.mcu.externaltools.gnu-tools-for-stm32.10.3-2021.10.win32_1.0.100.202210260954/tools/bin/../lib/gcc/arm-none-eabi/10.3.1/../../../../arm-none-eabi/lib/thumb/v7e-m+fp/hard\libc.a(lib_a-makebuf.o)
                0x000000000800f3c8                __swhatbuf_r
 .text.__smakebuf_r
                0x000000000800f420       0x80 c:/muiinf-seu/st/stm32cubeide_1.11.2/stm32cubeide/plugins/com.st.stm32cube.ide.mcu.externaltools.gnu-tools-for-stm32.10.3-2021.10.win32_1.0.100.202210260954/tools/bin/../lib/gcc/arm-none-eabi/10.3.1/../../../../arm-none-eabi/lib/thumb/v7e-m+fp/hard\libc.a(lib_a-makebuf.o)
                0x000000000800f420                __smakebuf_r
 .text.__sprint_r
                0x000000000800f4a0       0x64 c:/muiinf-seu/st/stm32cubeide_1.11.2/stm32cubeide/plugins/com.st.stm32cube.ide.mcu.externaltools.gnu-tools-for-stm32.10.3-2021.10.win32_1.0.100.202210260954/tools/bin/../lib/gcc/arm-none-eabi/10.3.1/../../../../arm-none-eabi/lib/thumb/v7e-m+fp/hard\libc.a(lib_a-vfiprintf.o)
                0x000000000800f4a0                __sprint_r
 .text._vfiprintf_r
                0x000000000800f504      0x92c c:/muiinf-seu/st/stm32cubeide_1.11.2/stm32cubeide/plugins/com.st.stm32cube.ide.mcu.externaltools.gnu-tools-for-stm32.10.3-2021.10.win32_1.0.100.202210260954/tools/bin/../lib/gcc/arm-none-eabi/10.3.1/../../../../arm-none-eabi/lib/thumb/v7e-m+fp/hard\libc.a(lib_a-vfiprintf.o)
                0x000000000800f504                _vfiprintf_r
 .text.__sbprintf
                0x000000000800fe30       0x80 c:/muiinf-seu/st/stm32cubeide_1.11.2/stm32cubeide/plugins/com.st.stm32cube.ide.mcu.externaltools.gnu-tools-for-stm32.10.3-2021.10.win32_1.0.100.202210260954/tools/bin/../lib/gcc/arm-none-eabi/10.3.1/../../../../arm-none-eabi/lib/thumb/v7e-m+fp/hard\libc.a(lib_a-vfiprintf.o)
 .text.abort    0x000000000800feb0        0xe c:/muiinf-seu/st/stm32cubeide_1.11.2/stm32cubeide/plugins/com.st.stm32cube.ide.mcu.externaltools.gnu-tools-for-stm32.10.3-2021.10.win32_1.0.100.202210260954/tools/bin/../lib/gcc/arm-none-eabi/10.3.1/../../../../arm-none-eabi/lib/thumb/v7e-m+fp/hard\libc.a(lib_a-abort.o)
                0x000000000800feb0                abort
 .text.__fputwc
                0x000000000800febe       0x82 c:/muiinf-seu/st/stm32cubeide_1.11.2/stm32cubeide/plugins/com.st.stm32cube.ide.mcu.externaltools.gnu-tools-for-stm32.10.3-2021.10.win32_1.0.100.202210260954/tools/bin/../lib/gcc/arm-none-eabi/10.3.1/../../../../arm-none-eabi/lib/thumb/v7e-m+fp/hard\libc.a(lib_a-fputwc.o)
                0x000000000800febe                __fputwc
 .text._fputwc_r
                0x000000000800ff40       0x54 c:/muiinf-seu/st/stm32cubeide_1.11.2/stm32cubeide/plugins/com.st.stm32cube.ide.mcu.externaltools.gnu-tools-for-stm32.10.3-2021.10.win32_1.0.100.202210260954/tools/bin/../lib/gcc/arm-none-eabi/10.3.1/../../../../arm-none-eabi/lib/thumb/v7e-m+fp/hard\libc.a(lib_a-fputwc.o)
                0x000000000800ff40                _fputwc_r
 .text._fstat_r
                0x000000000800ff94       0x24 c:/muiinf-seu/st/stm32cubeide_1.11.2/stm32cubeide/plugins/com.st.stm32cube.ide.mcu.externaltools.gnu-tools-for-stm32.10.3-2021.10.win32_1.0.100.202210260954/tools/bin/../lib/gcc/arm-none-eabi/10.3.1/../../../../arm-none-eabi/lib/thumb/v7e-m+fp/hard\libc.a(lib_a-fstatr.o)
                0x000000000800ff94                _fstat_r
 .text._isatty_r
                0x000000000800ffb8       0x20 c:/muiinf-seu/st/stm32cubeide_1.11.2/stm32cubeide/plugins/com.st.stm32cube.ide.mcu.externaltools.gnu-tools-for-stm32.10.3-2021.10.win32_1.0.100.202210260954/tools/bin/../lib/gcc/arm-none-eabi/10.3.1/../../../../arm-none-eabi/lib/thumb/v7e-m+fp/hard\libc.a(lib_a-isattyr.o)
                0x000000000800ffb8                _isatty_r
 .text._raise_r