../Core/Src/main.c:58:5:_write	32	static
../Core/Src/main.c:69:6:ejer1	32	static
../Core/Src/main.c:84:6:ejer2	32	static
../Core/Src/main.c:97:6:ejer3	40	static
../Core/Src/main.c:118:6:ejer4	40	static
../Core/Src/main.c:135:6:ejer5	24	static
../Core/Src/main.c:145:5:suma1	16	static
../Core/Src/main.c:149:6:suma2	24	static
../Core/Src/main.c:161:5:main	8	static
../Core/Src/main.c:205:6:SystemClock_Config	88	static
../Core/Src/main.c:252:13:MX_USART2_UART_Init	8	static
../Core/Src/main.c:285:13:MX_GPIO_Init	48	static
../Core/Src/main.c:321:6:Error_Handler	4	static,ignoring_inline_asm
