19:30:48 **** Incremental Build of configuration Debug for project SEU_laaz_S1_PPB ****
make -j12 all 
arm-none-eabi-gcc "../Core/Src/main.c" -mcpu=cortex-m4 -std=gnu11 -g3 -DDEBUG -DUSE_HAL_DRIVER -DSTM32F411xE -c -I../Core/Inc -I../Drivers/STM32F4xx_HAL_Driver/Inc -I../Drivers/STM32F4xx_HAL_Driver/Inc/Legacy -I../Drivers/CMSIS/Device/ST/STM32F4xx/Include -I../Drivers/CMSIS/Include -O0 -ffunction-sections -fdata-sections -Wall -fstack-usage -MMD -MP -MF"Core/Src/main.d" -MT"Core/Src/main.o" --specs=nano.specs -mfpu=fpv4-sp-d16 -mfloat-abi=hard -mthumb -o "Core/Src/main.o"
../Core/Src/main.c: In function 'main':
../Core/Src/main.c:103:4: warning: implicit declaration of function 'printf' [-Wimplicit-function-declaration]
  103 |    printf("hola");
      |    ^~~~~~
../Core/Src/main.c:103:4: warning: incompatible implicit declaration of built-in function 'printf'
../Core/Src/main.c:21:1: note: include '<stdio.h>' or provide a declaration of 'printf'
   20 | #include "main.h"
  +++ |+#include <stdio.h>
   21 | 
arm-none-eabi-gcc -o "SEU_laaz_S1_PPB.elf" @"objects.list"   -mcpu=cortex-m4 -T"W:\MU1RO\SEU\SEU_laaz_S1_PPB\STM32F411RETX_FLASH.ld" --specs=nosys.specs -Wl,-Map="SEU_laaz_S1_PPB.map" -Wl,--gc-sections -static --specs=nano.specs -mfpu=fpv4-sp-d16 -mfloat-abi=hard -mthumb -Wl,--start-group -lc -lm -Wl,--end-group
Finished building target: SEU_laaz_S1_PPB.elf
 
arm-none-eabi-size   SEU_laaz_S1_PPB.elf 
arm-none-eabi-objdump -h -S  SEU_laaz_S1_PPB.elf  > "SEU_laaz_S1_PPB.list"
   text	   data	    bss	    dec	    hex	filename
  12336	    120	   1656	  14112	   3720	SEU_laaz_S1_PPB.elf
Finished building: default.size.stdout
 
Finished building: SEU_laaz_S1_PPB.list
 

19:30:49 Build Finished. 0 errors, 2 warnings. (took 1s.595ms)

