20:12:16 **** Incremental Build of configuration Debug for project SEUPR2_24444033R_LAAZ ****
make -j12 all 
arm-none-eabi-gcc "../Core/Src/HW.c" -mcpu=cortex-m4 -std=gnu11 -g3 -DDEBUG -DUSE_HAL_DRIVER -DSTM32F411xE -c -I../Core/Inc -I../Drivers/STM32F4xx_HAL_Driver/Inc -I../Drivers/STM32F4xx_HAL_Driver/Inc/Legacy -I../Drivers/CMSIS/Device/ST/STM32F4xx/Include -I../Drivers/CMSIS/Include -O0 -ffunction-sections -fdata-sections -Wall -fstack-usage -MMD -MP -MF"Core/Src/HW.d" -MT"Core/Src/HW.o" --specs=nano.specs -mfpu=fpv4-sp-d16 -mfloat-abi=hard -mthumb -o "Core/Src/HW.o"
arm-none-eabi-gcc -o "SEUPR2_24444033R_LAAZ.elf" @"objects.list"   -mcpu=cortex-m4 -T"W:\MU1RO\SEU\SEUPR2_24444033R_LAAZ\STM32F411RETX_FLASH.ld" --specs=nosys.specs -Wl,-Map="SEUPR2_24444033R_LAAZ.map" -Wl,--gc-sections -static --specs=nano.specs -mfpu=fpv4-sp-d16 -mfloat-abi=hard -mthumb -u _printf_float -Wl,--start-group -lc -lm -Wl,--end-group
Finished building target: SEUPR2_24444033R_LAAZ.elf
 
arm-none-eabi-size   SEUPR2_24444033R_LAAZ.elf 
arm-none-eabi-objdump -h -S  SEUPR2_24444033R_LAAZ.elf  > "SEUPR2_24444033R_LAAZ.list"
   text	   data	    bss	    dec	    hex	filename
  26972	    484	   1732	  29188	   7204	SEUPR2_24444033R_LAAZ.elf
Finished building: default.size.stdout
 
Finished building: SEUPR2_24444033R_LAAZ.list
 

20:12:18 Build Finished. 0 errors, 0 warnings. (took 2s.20ms)

